Archive member included to satisfy reference by file (symbol)

/Applications/STM32CubeIDE.app/Contents/Eclipse/plugins/com.st.stm32cube.ide.mcu.externaltools.gnu-tools-for-stm32.12.3.rel1.macos64_1.0.100.202403111906/tools/bin/../lib/gcc/arm-none-eabi/12.3.1/../../../../arm-none-eabi/lib/thumb/v6-m/nofp/libc_nano.a(libc_a-exit.o)
                              /Applications/STM32CubeIDE.app/Contents/Eclipse/plugins/com.st.stm32cube.ide.mcu.externaltools.gnu-tools-for-stm32.12.3.rel1.macos64_1.0.100.202403111906/tools/bin/../lib/gcc/arm-none-eabi/12.3.1/../../../../arm-none-eabi/lib/thumb/v6-m/nofp/crt0.o (exit)
/Applications/STM32CubeIDE.app/Contents/Eclipse/plugins/com.st.stm32cube.ide.mcu.externaltools.gnu-tools-for-stm32.12.3.rel1.macos64_1.0.100.202403111906/tools/bin/../lib/gcc/arm-none-eabi/12.3.1/../../../../arm-none-eabi/lib/thumb/v6-m/nofp/libc_nano.a(libc_a-findfp.o)
                              /Applications/STM32CubeIDE.app/Contents/Eclipse/plugins/com.st.stm32cube.ide.mcu.externaltools.gnu-tools-for-stm32.12.3.rel1.macos64_1.0.100.202403111906/tools/bin/../lib/gcc/arm-none-eabi/12.3.1/../../../../arm-none-eabi/lib/thumb/v6-m/nofp/libc_nano.a(libc_a-exit.o) (__stdio_exit_handler)
/Applications/STM32CubeIDE.app/Contents/Eclipse/plugins/com.st.stm32cube.ide.mcu.externaltools.gnu-tools-for-stm32.12.3.rel1.macos64_1.0.100.202403111906/tools/bin/../lib/gcc/arm-none-eabi/12.3.1/../../../../arm-none-eabi/lib/thumb/v6-m/nofp/libc_nano.a(libc_a-fwalk.o)
                              /Applications/STM32CubeIDE.app/Contents/Eclipse/plugins/com.st.stm32cube.ide.mcu.externaltools.gnu-tools-for-stm32.12.3.rel1.macos64_1.0.100.202403111906/tools/bin/../lib/gcc/arm-none-eabi/12.3.1/../../../../arm-none-eabi/lib/thumb/v6-m/nofp/libc_nano.a(libc_a-findfp.o) (_fwalk_sglue)
/Applications/STM32CubeIDE.app/Contents/Eclipse/plugins/com.st.stm32cube.ide.mcu.externaltools.gnu-tools-for-stm32.12.3.rel1.macos64_1.0.100.202403111906/tools/bin/../lib/gcc/arm-none-eabi/12.3.1/../../../../arm-none-eabi/lib/thumb/v6-m/nofp/libc_nano.a(libc_a-memset.o)
                              /Applications/STM32CubeIDE.app/Contents/Eclipse/plugins/com.st.stm32cube.ide.mcu.externaltools.gnu-tools-for-stm32.12.3.rel1.macos64_1.0.100.202403111906/tools/bin/../lib/gcc/arm-none-eabi/12.3.1/../../../../arm-none-eabi/lib/thumb/v6-m/nofp/crt0.o (memset)
/Applications/STM32CubeIDE.app/Contents/Eclipse/plugins/com.st.stm32cube.ide.mcu.externaltools.gnu-tools-for-stm32.12.3.rel1.macos64_1.0.100.202403111906/tools/bin/../lib/gcc/arm-none-eabi/12.3.1/../../../../arm-none-eabi/lib/thumb/v6-m/nofp/libc_nano.a(libc_a-impure.o)
                              /Applications/STM32CubeIDE.app/Contents/Eclipse/plugins/com.st.stm32cube.ide.mcu.externaltools.gnu-tools-for-stm32.12.3.rel1.macos64_1.0.100.202403111906/tools/bin/../lib/gcc/arm-none-eabi/12.3.1/../../../../arm-none-eabi/lib/thumb/v6-m/nofp/libc_nano.a(libc_a-findfp.o) (_impure_data)
/Applications/STM32CubeIDE.app/Contents/Eclipse/plugins/com.st.stm32cube.ide.mcu.externaltools.gnu-tools-for-stm32.12.3.rel1.macos64_1.0.100.202403111906/tools/bin/../lib/gcc/arm-none-eabi/12.3.1/../../../../arm-none-eabi/lib/thumb/v6-m/nofp/libc_nano.a(libc_a-init.o)
                              /Applications/STM32CubeIDE.app/Contents/Eclipse/plugins/com.st.stm32cube.ide.mcu.externaltools.gnu-tools-for-stm32.12.3.rel1.macos64_1.0.100.202403111906/tools/bin/../lib/gcc/arm-none-eabi/12.3.1/../../../../arm-none-eabi/lib/thumb/v6-m/nofp/crt0.o (__libc_init_array)
/Applications/STM32CubeIDE.app/Contents/Eclipse/plugins/com.st.stm32cube.ide.mcu.externaltools.gnu-tools-for-stm32.12.3.rel1.macos64_1.0.100.202403111906/tools/bin/../lib/gcc/arm-none-eabi/12.3.1/../../../../arm-none-eabi/lib/thumb/v6-m/nofp/libc_nano.a(libc_a-lock.o)
                              /Applications/STM32CubeIDE.app/Contents/Eclipse/plugins/com.st.stm32cube.ide.mcu.externaltools.gnu-tools-for-stm32.12.3.rel1.macos64_1.0.100.202403111906/tools/bin/../lib/gcc/arm-none-eabi/12.3.1/../../../../arm-none-eabi/lib/thumb/v6-m/nofp/libc_nano.a(libc_a-findfp.o) (__retarget_lock_init_recursive)
/Applications/STM32CubeIDE.app/Contents/Eclipse/plugins/com.st.stm32cube.ide.mcu.externaltools.gnu-tools-for-stm32.12.3.rel1.macos64_1.0.100.202403111906/tools/bin/../lib/gcc/arm-none-eabi/12.3.1/../../../../arm-none-eabi/lib/thumb/v6-m/nofp/libc_nano.a(libc_a-memcpy-stub.o)
                              ./Modules/Utils/FPROM/FPROM.o (memcpy)
/Applications/STM32CubeIDE.app/Contents/Eclipse/plugins/com.st.stm32cube.ide.mcu.externaltools.gnu-tools-for-stm32.12.3.rel1.macos64_1.0.100.202403111906/tools/bin/../lib/gcc/arm-none-eabi/12.3.1/../../../../arm-none-eabi/lib/thumb/v6-m/nofp/libc_nano.a(libc_a-strlen.o)
                              ./STM32X/Lib/UART.o (strlen)
[...]
Memory Configuration

Name             Origin             Length             Attributes
RAM              0x20000000         0x00003000         xrw
FLASH            0x08000000         0x00008000         xr
*default*        0x00000000         0xffffffff

Linker script and memory map

LOAD /Applications/STM32CubeIDE.app/Contents/Eclipse/plugins/com.st.stm32cube.ide.mcu.externaltools.gnu-tools-for-stm32.12.3.rel1.macos64_1.0.100.202403111906/tools/bin/../lib/gcc/arm-none-eabi/12.3.1/thumb/v6-m/nofp/crti.o
LOAD /Applications/STM32CubeIDE.app/Contents/Eclipse/plugins/com.st.stm32cube.ide.mcu.externaltools.gnu-tools-for-stm32.12.3.rel1.macos64_1.0.100.202403111906/tools/bin/../lib/gcc/arm-none-eabi/12.3.1/thumb/v6-m/nofp/crtbegin.o
LOAD /Applications/STM32CubeIDE.app/Contents/Eclipse/plugins/com.st.stm32cube.ide.mcu.externaltools.gnu-tools-for-stm32.12.3.rel1.macos64_1.0.100.202403111906/tools/bin/../lib/gcc/arm-none-eabi/12.3.1/../../../../arm-none-eabi/lib/thumb/v6-m/nofp/crt0.o
LOAD ./Core/Src/Battery.o
LOAD ./Core/Src/LED.o
LOAD ./Core/Src/Motor.o
LOAD ./Core/Src/Radio.o
LOAD ./Core/Src/Temperature.o
LOAD ./Core/Src/main.o
LOAD ./Core/Src/system_stm32c0xx.o
LOAD ./Core/Startup/startup_stm32c031k6tx.o
LOAD ./Drivers/STM32C0xx_HAL_Driver/Src/stm32c0xx_hal.o
LOAD ./Drivers/STM32C0xx_HAL_Driver/Src/stm32c0xx_hal_adc.o
LOAD ./Drivers/STM32C0xx_HAL_Driver/Src/stm32c0xx_hal_adc_ex.o
LOAD ./Drivers/STM32C0xx_HAL_Driver/Src/stm32c0xx_hal_cortex.o
LOAD ./Drivers/STM32C0xx_HAL_Driver/Src/stm32c0xx_hal_crc.o
LOAD ./Drivers/STM32C0xx_HAL_Driver/Src/stm32c0xx_hal_crc_ex.o
LOAD ./Drivers/STM32C0xx_HAL_Driver/Src/stm32c0xx_hal_dma.o
LOAD ./Drivers/STM32C0xx_HAL_Driver/Src/stm32c0xx_hal_dma_ex.o
LOAD ./Drivers/STM32C0xx_HAL_Driver/Src/stm32c0xx_hal_exti.o
LOAD ./Drivers/STM32C0xx_HAL_Driver/Src/stm32c0xx_hal_flash.o
LOAD ./Drivers/STM32C0xx_HAL_Driver/Src/stm32c0xx_hal_flash_ex.o
LOAD ./Drivers/STM32C0xx_HAL_Driver/Src/stm32c0xx_hal_gpio.o
LOAD ./Drivers/STM32C0xx_HAL_Driver/Src/stm32c0xx_hal_i2c.o
LOAD ./Drivers/STM32C0xx_HAL_Driver/Src/stm32c0xx_hal_i2c_ex.o
LOAD ./Drivers/STM32C0xx_HAL_Driver/Src/stm32c0xx_hal_i2s.o
LOAD ./Drivers/STM32C0xx_HAL_Driver/Src/stm32c0xx_hal_irda.o
LOAD ./Drivers/STM32C0xx_HAL_Driver/Src/stm32c0xx_hal_iwdg.o
LOAD ./Drivers/STM32C0xx_HAL_Driver/Src/stm32c0xx_hal_pwr.o
LOAD ./Drivers/STM32C0xx_HAL_Driver/Src/stm32c0xx_hal_pwr_ex.o
LOAD ./Drivers/STM32C0xx_HAL_Driver/Src/stm32c0xx_hal_rcc.o
LOAD ./Drivers/STM32C0xx_HAL_Driver/Src/stm32c0xx_hal_rcc_ex.o
LOAD ./Drivers/STM32C0xx_HAL_Driver/Src/stm32c0xx_hal_rtc.o
LOAD ./Drivers/STM32C0xx_HAL_Driver/Src/stm32c0xx_hal_rtc_ex.o
LOAD ./Drivers/STM32C0xx_HAL_Driver/Src/stm32c0xx_hal_smartcard.o
LOAD ./Drivers/STM32C0xx_HAL_Driver/Src/stm32c0xx_hal_smartcard_ex.o
LOAD ./Drivers/STM32C0xx_HAL_Driver/Src/stm32c0xx_hal_smbus.o
LOAD ./Drivers/STM32C0xx_HAL_Driver/Src/stm32c0xx_hal_smbus_ex.o
LOAD ./Drivers/STM32C0xx_HAL_Driver/Src/stm32c0xx_hal_spi.o
LOAD ./Drivers/STM32C0xx_HAL_Driver/Src/stm32c0xx_hal_spi_ex.o
LOAD ./Drivers/STM32C0xx_HAL_Driver/Src/stm32c0xx_hal_tim.o
LOAD ./Drivers/STM32C0xx_HAL_Driver/Src/stm32c0xx_hal_tim_ex.o
LOAD ./Drivers/STM32C0xx_HAL_Driver/Src/stm32c0xx_hal_uart.o
LOAD ./Drivers/STM32C0xx_HAL_Driver/Src/stm32c0xx_hal_uart_ex.o
LOAD ./Drivers/STM32C0xx_HAL_Driver/Src/stm32c0xx_hal_usart.o
LOAD ./Drivers/STM32C0xx_HAL_Driver/Src/stm32c0xx_hal_usart_ex.o
LOAD ./Drivers/STM32C0xx_HAL_Driver/Src/stm32c0xx_hal_wwdg.o
LOAD ./Drivers/STM32C0xx_HAL_Driver/Src/stm32c0xx_ll_adc.o
LOAD ./Drivers/STM32C0xx_HAL_Driver/Src/stm32c0xx_ll_crc.o
LOAD ./Drivers/STM32C0xx_HAL_Driver/Src/stm32c0xx_ll_dma.o
LOAD ./Drivers/STM32C0xx_HAL_Driver/Src/stm32c0xx_ll_exti.o
LOAD ./Drivers/STM32C0xx_HAL_Driver/Src/stm32c0xx_ll_gpio.o
LOAD ./Drivers/STM32C0xx_HAL_Driver/Src/stm32c0xx_ll_i2c.o
LOAD ./Drivers/STM32C0xx_HAL_Driver/Src/stm32c0xx_ll_pwr.o
LOAD ./Drivers/STM32C0xx_HAL_Driver/Src/stm32c0xx_ll_rcc.o
LOAD ./Drivers/STM32C0xx_HAL_Driver/Src/stm32c0xx_ll_rtc.o
LOAD ./Drivers/STM32C0xx_HAL_Driver/Src/stm32c0xx_ll_spi.o
LOAD ./Drivers/STM32C0xx_HAL_Driver/Src/stm32c0xx_ll_tim.o
LOAD ./Drivers/STM32C0xx_HAL_Driver/Src/stm32c0xx_ll_usart.o
LOAD ./Drivers/STM32C0xx_HAL_Driver/Src/stm32c0xx_ll_utils.o
LOAD ./Modules/Utils/FPROM/FPROM.o
LOAD ./STM32X/Lib/ADC.o
LOAD ./STM32X/Lib/CAN.o
LOAD ./STM32X/Lib/CLK.o
LOAD ./STM32X/Lib/COMP.o
LOAD ./STM32X/Lib/CRC.o
LOAD ./STM32X/Lib/Core.o
LOAD ./STM32X/Lib/EEPROM.o
LOAD ./STM32X/Lib/FLASH.o
LOAD ./STM32X/Lib/GPIO.o
LOAD ./STM32X/Lib/I2C.o
LOAD ./STM32X/Lib/RNG.o
LOAD ./STM32X/Lib/SPI.o
LOAD ./STM32X/Lib/SUBGHZ.o
LOAD ./STM32X/Lib/TIM.o
LOAD ./STM32X/Lib/TSC.o
LOAD ./STM32X/Lib/UART.o
LOAD ./STM32X/Lib/US.o
LOAD ./STM32X/Lib/USB.o
LOAD ./STM32X/Lib/WDG.o
LOAD ./STM32X/Lib/syscalls.o
START GROUP
LOAD /Applications/STM32CubeIDE.app/Contents/Eclipse/plugins/com.st.stm32cube.ide.mcu.externaltools.gnu-tools-for-stm32.12.3.rel1.macos64_1.0.100.202403111906/tools/bin/../lib/gcc/arm-none-eabi/12.3.1/../../../../arm-none-eabi/lib/thumb/v6-m/nofp/libc_nano.a
LOAD /Applications/STM32CubeIDE.app/Contents/Eclipse/plugins/com.st.stm32cube.ide.mcu.externaltools.gnu-tools-for-stm32.12.3.rel1.macos64_1.0.100.202403111906/tools/bin/../lib/gcc/arm-none-eabi/12.3.1/../../../../arm-none-eabi/lib/thumb/v6-m/nofp/libm.a
END GROUP
START GROUP
LOAD /Applications/STM32CubeIDE.app/Contents/Eclipse/plugins/com.st.stm32cube.ide.mcu.externaltools.gnu-tools-for-stm32.12.3.rel1.macos64_1.0.100.202403111906/tools/bin/../lib/gcc/arm-none-eabi/12.3.1/thumb/v6-m/nofp/libgcc.a
LOAD /Applications/STM32CubeIDE.app/Contents/Eclipse/plugins/com.st.stm32cube.ide.mcu.externaltools.gnu-tools-for-stm32.12.3.rel1.macos64_1.0.100.202403111906/tools/bin/../lib/gcc/arm-none-eabi/12.3.1/../../../../arm-none-eabi/lib/thumb/v6-m/nofp/libc_nano.a
END GROUP
START GROUP
LOAD /Applications/STM32CubeIDE.app/Contents/Eclipse/plugins/com.st.stm32cube.ide.mcu.externaltools.gnu-tools-for-stm32.12.3.rel1.macos64_1.0.100.202403111906/tools/bin/../lib/gcc/arm-none-eabi/12.3.1/thumb/v6-m/nofp/libgcc.a
LOAD /Applications/STM32CubeIDE.app/Contents/Eclipse/plugins/com.st.stm32cube.ide.mcu.externaltools.gnu-tools-for-stm32.12.3.rel1.macos64_1.0.100.202403111906/tools/bin/../lib/gcc/arm-none-eabi/12.3.1/../../../../arm-none-eabi/lib/thumb/v6-m/nofp/libc_nano.a
LOAD /Applications/STM32CubeIDE.app/Contents/Eclipse/plugins/com.st.stm32cube.ide.mcu.externaltools.gnu-tools-for-stm32.12.3.rel1.macos64_1.0.100.202403111906/tools/bin/../lib/gcc/arm-none-eabi/12.3.1/../../../../arm-none-eabi/lib/thumb/v6-m/nofp/libnosys.a
END GROUP
START GROUP
LOAD /Applications/STM32CubeIDE.app/Contents/Eclipse/plugins/com.st.stm32cube.ide.mcu.externaltools.gnu-tools-for-stm32.12.3.rel1.macos64_1.0.100.202403111906/tools/bin/../lib/gcc/arm-none-eabi/12.3.1/thumb/v6-m/nofp/libgcc.a
LOAD /Applications/STM32CubeIDE.app/Contents/Eclipse/plugins/com.st.stm32cube.ide.mcu.externaltools.gnu-tools-for-stm32.12.3.rel1.macos64_1.0.100.202403111906/tools/bin/../lib/gcc/arm-none-eabi/12.3.1/../../../../arm-none-eabi/lib/thumb/v6-m/nofp/libc_nano.a
LOAD /Applications/STM32CubeIDE.app/Contents/Eclipse/plugins/com.st.stm32cube.ide.mcu.externaltools.gnu-tools-for-stm32.12.3.rel1.macos64_1.0.100.202403111906/tools/bin/../lib/gcc/arm-none-eabi/12.3.1/../../../../arm-none-eabi/lib/thumb/v6-m/nofp/libnosys.a
END GROUP
LOAD /Applications/STM32CubeIDE.app/Contents/Eclipse/plugins/com.st.stm32cube.ide.mcu.externaltools.gnu-tools-for-stm32.12.3.rel1.macos64_1.0.100.202403111906/tools/bin/../lib/gcc/arm-none-eabi/12.3.1/thumb/v6-m/nofp/crtend.o
LOAD /Applications/STM32CubeIDE.app/Contents/Eclipse/plugins/com.st.stm32cube.ide.mcu.externaltools.gnu-tools-for-stm32.12.3.rel1.macos64_1.0.100.202403111906/tools/bin/../lib/gcc/arm-none-eabi/12.3.1/thumb/v6-m/nofp/crtn.o
                0x20003000                        _estack = (ORIGIN (RAM) + LENGTH (RAM))
                0x00000200                        _Min_Heap_Size = 0x200
                0x00000400                        _Min_Stack_Size = 0x400

.isr_vector     0x08000000       0xc0
                0x08000000                        . = ALIGN (0x4)
 *(.isr_vector)
 .isr_vector    0x08000000       0xc0 ./Core/Startup/startup_stm32c031k6tx.o
                0x08000000                g_pfnVectors
                0x080000c0                        . = ALIGN (0x4)

.text           0x080000c0     0x3018
                0x080000c0                        . = ALIGN (0x4)
 *(.text)
 .text          0x080000c0       0x48 /Applications/STM32CubeIDE.app/Contents/Eclipse/plugins/com.st.stm32cube.ide.mcu.externaltools.gnu-tools-for-stm32.12.3.rel1.macos64_1.0.100.202403111906/tools/bin/../lib/gcc/arm-none-eabi/12.3.1/thumb/v6-m/nofp/crtbegin.o
 .text          0x08000108      0x114 /Applications/STM32CubeIDE.app/Contents/Eclipse/plugins/com.st.stm32cube.ide.mcu.externaltools.gnu-tools-for-stm32.12.3.rel1.macos64_1.0.100.202403111906/tools/bin/../lib/gcc/arm-none-eabi/12.3.1/thumb/v6-m/nofp/libgcc.a(_udivsi3.o)
                0x08000108                __udivsi3
                0x08000108                __aeabi_uidiv
                0x08000214                __aeabi_uidivmod
 .text          0x0800021c      0x1d4 /Applications/STM32CubeIDE.app/Contents/Eclipse/plugins/com.st.stm32cube.ide.mcu.externaltools.gnu-tools-for-stm32.12.3.rel1.macos64_1.0.100.202403111906/tools/bin/../lib/gcc/arm-none-eabi/12.3.1/thumb/v6-m/nofp/libgcc.a(_divsi3.o)
                0x0800021c                __aeabi_idiv
                0x0800021c                __divsi3
                0x080003e8                __aeabi_idivmod
 .text          0x080003f0        0x4 /Applications/STM32CubeIDE.app/Contents/Eclipse/plugins/com.st.stm32cube.ide.mcu.externaltools.gnu-tools-for-stm32.12.3.rel1.macos64_1.0.100.202403111906/tools/bin/../lib/gcc/arm-none-eabi/12.3.1/thumb/v6-m/nofp/libgcc.a(_dvmd_tls.o)
                0x080003f0                __aeabi_ldiv0
                0x080003f0                __aeabi_idiv0
 .text          0x080003f4       0x14 /Applications/STM32CubeIDE.app/Contents/Eclipse/plugins/com.st.stm32cube.ide.mcu.externaltools.gnu-tools-for-stm32.12.3.rel1.macos64_1.0.100.202403111906/tools/bin/../lib/gcc/arm-none-eabi/12.3.1/thumb/v6-m/nofp/libgcc.a(_ffssi2.o)
                0x080003f4                __ffssi2
 .text          0x08000408      0x6c8 /Applications/STM32CubeIDE.app/Contents/Eclipse/plugins/com.st.stm32cube.ide.mcu.externaltools.gnu-tools-for-stm32.12.3.rel1.macos64_1.0.100.202403111906/tools/bin/../lib/gcc/arm-none-eabi/12.3.1/thumb/v6-m/nofp/libgcc.a(adddf3.o)
                0x08000408                __aeabi_dadd
 .text          0x08000ad0      0x634 /Applications/STM32CubeIDE.app/Contents/Eclipse/plugins/com.st.stm32cube.ide.mcu.externaltools.gnu-tools-for-stm32.12.3.rel1.macos64_1.0.100.202403111906/tools/bin/../lib/gcc/arm-none-eabi/12.3.1/thumb/v6-m/nofp/libgcc.a(divdf3.o)
                0x08000ad0                __aeabi_ddiv
 .text          0x08001104       0x78 /Applications/STM32CubeIDE.app/Contents/Eclipse/plugins/com.st.stm32cube.ide.mcu.externaltools.gnu-tools-for-stm32.12.3.rel1.macos64_1.0.100.202403111906/tools/bin/../lib/gcc/arm-none-eabi/12.3.1/thumb/v6-m/nofp/libgcc.a(fixdfsi.o)
                0x08001104                __aeabi_d2iz
 .text          0x0800117c       0x5c /Applications/STM32CubeIDE.app/Contents/Eclipse/plugins/com.st.stm32cube.ide.mcu.externaltools.gnu-tools-for-stm32.12.3.rel1.macos64_1.0.100.202403111906/tools/bin/../lib/gcc/arm-none-eabi/12.3.1/thumb/v6-m/nofp/libgcc.a(floatsidf.o)
                0x0800117c                __aeabi_i2d
 .text          0x080011d8       0x3c /Applications/STM32CubeIDE.app/Contents/Eclipse/plugins/com.st.stm32cube.ide.mcu.externaltools.gnu-tools-for-stm32.12.3.rel1.macos64_1.0.100.202403111906/tools/bin/../lib/gcc/arm-none-eabi/12.3.1/thumb/v6-m/nofp/libgcc.a(_clzsi2.o)
                0x080011d8                __clzsi2
 .text          0x08001214       0x40 /Applications/STM32CubeIDE.app/Contents/Eclipse/plugins/com.st.stm32cube.ide.mcu.externaltools.gnu-tools-for-stm32.12.3.rel1.macos64_1.0.100.202403111906/tools/bin/../lib/gcc/arm-none-eabi/12.3.1/thumb/v6-m/nofp/libgcc.a(_ctzsi2.o)
                0x08001214                __ctzsi2
 *(.text*)
 .text.GPIO_EnableOutput
                0x08001254       0x2e ./Core/Src/LED.o
 *fill*         0x08001282        0x2 
 .text.LED_Init
                0x08001284       0x20 ./Core/Src/LED.o
                0x08001284                LED_Init
 .text.GPIO_EnableInput
                0x080012a4       0x26 ./Core/Src/Motor.o
 .text.GPIO_EnableOutput
                0x080012ca       0x2e ./Core/Src/Motor.o
 .text.MOTOR_Init
                0x080012f8      0x2c4 ./Core/Src/Motor.o
                0x080012f8                MOTOR_Init
 .text.CORE_GetTick
                0x080015bc       0x14 ./Core/Src/Radio.o
 .text.GPIO_EnableInput
                0x080015d0       0x26 ./Core/Src/Radio.o
 .text.TIM_Read
                0x080015f6       0x16 ./Core/Src/Radio.o
 .text.RADIO_Init
                0x0800160c      0x10c ./Core/Src/Radio.o
                0x0800160c                RADIO_Init
 .text.RADIO_Update
                0x08001718      0x160 ./Core/Src/Radio.o
                0x08001718                RADIO_Update
 .text.RADIO_getDataPtr
                0x08001878       0x10 ./Core/Src/Radio.o
                0x08001878                RADIO_getDataPtr
 .text.RADIO_truncate
                0x08001888       0x80 ./Core/Src/Radio.o
                0x08001888                RADIO_truncate
 .text.RADIO_processChannel
                0x08001908       0x94 ./Core/Src/Radio.o
                0x08001908                RADIO_processChannel
 .text.RADIO_CH1_IRQ
                0x0800199c       0xb8 ./Core/Src/Radio.o
 .text.RADIO_CH2_IRQ
                0x08001a54       0xc0 ./Core/Src/Radio.o
 .text.RADIO_CH3_IRQ
                0x08001b14       0xc0 ./Core/Src/Radio.o
 .text.RADIO_CH4_IRQ
                0x08001bd4       0xc0 ./Core/Src/Radio.o
 .text.TEMP_Init
                0x08001c94       0x30 ./Core/Src/Temperature.o
                0x08001c94                TEMP_Init
 .text.TEMP_calcStartup
                0x08001cc4       0x5c ./Core/Src/Temperature.o
 .text.main     0x08001d20       0x26 ./Core/Src/main.o
                0x08001d20                main
 *fill*         0x08001d46        0x2 
 .text.SYSTEM_Init
                0x08001d48       0x8c ./Core/Src/main.o
 .text.SystemInit
                0x08001dd4       0x18 ./Core/Src/system_stm32c0xx.o
                0x08001dd4                SystemInit
 .text.Reset_Handler
                0x08001dec       0x50 ./Core/Startup/startup_stm32c031k6tx.o
                0x08001dec                Reset_Handler
 .text.Default_Handler
                0x08001e3c        0x2 ./Core/Startup/startup_stm32c031k6tx.o
                0x08001e3c                USART1_IRQHandler
                0x08001e3c                PendSV_Handler
                0x08001e3c                NMI_Handler
                0x08001e3c                I2C1_IRQHandler
                0x08001e3c                DMAMUX1_IRQHandler
                0x08001e3c                SPI1_IRQHandler
                0x08001e3c                EXTI2_3_IRQHandler
                0x08001e3c                ADC1_IRQHandler
                0x08001e3c                RTC_IRQHandler
                0x08001e3c                RCC_IRQHandler
                0x08001e3c                DMA1_Channel1_IRQHandler
                0x08001e3c                Default_Handler
                0x08001e3c                EXTI0_1_IRQHandler
                0x08001e3c                SVC_Handler
                0x08001e3c                WWDG_IRQHandler
                0x08001e3c                DMA1_Channel2_3_IRQHandler
                0x08001e3c                USART2_IRQHandler
                0x08001e3c                FLASH_IRQHandler
                0x08001e3c                HardFault_Handler
 *fill*         0x08001e3e        0x2 
 .text.__NVIC_EnableIRQ
                0x08001e40       0x34 ./Drivers/STM32C0xx_HAL_Driver/Src/stm32c0xx_hal_cortex.o
 .text.__NVIC_SetPriority
                0x08001e74       0xdc ./Drivers/STM32C0xx_HAL_Driver/Src/stm32c0xx_hal_cortex.o
 .text.SysTick_Config
                0x08001f50       0x48 ./Drivers/STM32C0xx_HAL_Driver/Src/stm32c0xx_hal_cortex.o
 .text.HAL_NVIC_SetPriority
                0x08001f98       0x2a ./Drivers/STM32C0xx_HAL_Driver/Src/stm32c0xx_hal_cortex.o
                0x08001f98                HAL_NVIC_SetPriority
 .text.HAL_NVIC_EnableIRQ
                0x08001fc2       0x20 ./Drivers/STM32C0xx_HAL_Driver/Src/stm32c0xx_hal_cortex.o
                0x08001fc2                HAL_NVIC_EnableIRQ
 .text.HAL_SYSTICK_Config
                0x08001fe2       0x1a ./Drivers/STM32C0xx_HAL_Driver/Src/stm32c0xx_hal_cortex.o
                0x08001fe2                HAL_SYSTICK_Config
 .text.FPROM_Read
                0x08001ffc       0x3a ./Modules/Utils/FPROM/FPROM.o
                0x08001ffc                FPROM_Read
 *fill*         0x08002036        0x2 
 .text.FPROM_Write
                0x08002038       0x84 ./Modules/Utils/FPROM/FPROM.o
                0x08002038                FPROM_Write
 .text.ADC_Init
                0x080020bc       0x8c ./STM32X/Lib/ADC.o
                0x080020bc                ADC_Init
 .text.ADC_Read
                0x08002148       0x4c ./STM32X/Lib/ADC.o
                0x08002148                ADC_Read
 .text.ADC_ReadDieTemp
                0x08002194       0xa4 ./STM32X/Lib/ADC.o
                0x08002194                ADC_ReadDieTemp
 .text.ADC_WaitForFlag
                0x08002238       0x28 ./STM32X/Lib/ADC.o
 .text.ADC_Calibrate
                0x08002260       0x28 ./STM32X/Lib/ADC.o
 .text.CLK_InitSYSCLK
                0x08002288       0x90 ./STM32X/Lib/CLK.o
                0x08002288                CLK_InitSYSCLK
 .text.CLK_EnableADCCLK
                0x08002318        0xa ./STM32X/Lib/CLK.o
                0x08002318                CLK_EnableADCCLK
 .text.GPIO_Deinit
                0x08002322       0x1a ./STM32X/Lib/Core.o
 .text.CLK_GetHCLKFreq
                0x0800233c       0x10 ./STM32X/Lib/Core.o
 .text.CORE_Init
                0x0800234c       0x54 ./STM32X/Lib/Core.o
                0x0800234c                CORE_Init
 .text.CORE_Idle
                0x080023a0        0xc ./STM32X/Lib/Core.o
                0x080023a0                CORE_Idle
 .text.CORE_InitSysTick
                0x080023ac       0x30 ./STM32X/Lib/Core.o
 .text.CORE_InitGPIO
                0x080023dc       0xa4 ./STM32X/Lib/Core.o
 .text.SysTick_Handler
                0x08002480       0x2c ./STM32X/Lib/Core.o
                0x08002480                SysTick_Handler
 .text.FLASH_GetPageCount
                0x080024ac       0x3c ./STM32X/Lib/FLASH.o
                0x080024ac                FLASH_GetPageCount
 .text.FLASH_GetPage
                0x080024e8       0x1c ./STM32X/Lib/FLASH.o
                0x080024e8                FLASH_GetPage
 .text.FLASH_Erase
                0x08002504       0x88 ./STM32X/Lib/FLASH.o
                0x08002504                FLASH_Erase
 .text.FLASH_Write
                0x0800258c       0x84 ./STM32X/Lib/FLASH.o
                0x0800258c                FLASH_Write
 .text.FLASH_Unlock
                0x08002610       0x40 ./STM32X/Lib/FLASH.o
 .text.FLASH_Lock
                0x08002650       0x1c ./STM32X/Lib/FLASH.o
 .text.GPIO_Write
                0x0800266c       0x30 ./STM32X/Lib/GPIO.o
                0x0800266c                GPIO_Write
 .text.GPIO_EnableAlternate
                0x0800269c       0x40 ./STM32X/Lib/GPIO.o
                0x0800269c                GPIO_EnableAlternate
 .text.GPIO_OnChange
                0x080026dc       0x50 ./STM32X/Lib/GPIO.o
                0x080026dc                GPIO_OnChange
 .text.GPIO_Init
                0x0800272c       0xf2 ./STM32X/Lib/GPIO.o
                0x0800272c                GPIO_Init
 .text.GPIO_Set
                0x0800281e       0x22 ./STM32X/Lib/GPIO.o
                0x0800281e                GPIO_Set
 .text.GPIO_Reset
                0x08002840       0x22 ./STM32X/Lib/GPIO.o
                0x08002840                GPIO_Reset
 .text.GPIO_Read
                0x08002862       0x2a ./STM32X/Lib/GPIO.o
                0x08002862                GPIO_Read
 .text.GPIO_GetPort
                0x0800288c       0x22 ./STM32X/Lib/GPIO.o
 .text.GPIO_ConfigAlternate
                0x080028ae       0x82 ./STM32X/Lib/GPIO.o
 .text.GPIO_ConfigInterrupt
                0x08002930       0xec ./STM32X/Lib/GPIO.o
 .text.GPIO_SWARBitDouble
                0x08002a1c       0x78 ./STM32X/Lib/GPIO.o
 .text.EXTIx_IRQHandler
                0x08002a94       0x60 ./STM32X/Lib/GPIO.o
 .text.EXTIx_EnableIRQn
                0x08002af4       0x32 ./STM32X/Lib/GPIO.o
 .text.EXTI4_15_IRQHandler
                0x08002b26       0x22 ./STM32X/Lib/GPIO.o
                0x08002b26                EXTI4_15_IRQHandler
 .text.CLK_GetPCLKFreq
                0x08002b48       0x10 ./STM32X/Lib/SPI.o
 .text.SPI_Init
                0x08002b58       0x90 ./STM32X/Lib/SPI.o
                0x08002b58                SPI_Init
 .text.SPI_Write
                0x08002be8       0x6e ./STM32X/Lib/SPI.o
                0x08002be8                SPI_Write
 .text.SPI_SelectPrescalar
                0x08002c56       0x4e ./STM32X/Lib/SPI.o
 .text.SPIx_Init
                0x08002ca4       0x48 ./STM32X/Lib/SPI.o
 .text.CLK_GetPCLKFreq
                0x08002cec       0x10 ./STM32X/Lib/TIM.o
 .text.TIM_Init
                0x08002cfc       0x58 ./STM32X/Lib/TIM.o
                0x08002cfc                TIM_Init
 .text.TIM_SetFreq
                0x08002d54       0x2e ./STM32X/Lib/TIM.o
                0x08002d54                TIM_SetFreq
 .text.TIM_SetReload
                0x08002d82       0x1a ./STM32X/Lib/TIM.o
                0x08002d82                TIM_SetReload
 .text.TIM_Start
                0x08002d9c       0x28 ./STM32X/Lib/TIM.o
                0x08002d9c                TIM_Start
 .text.TIM_Reload
                0x08002dc4       0x3a ./STM32X/Lib/TIM.o
 *fill*         0x08002dfe        0x2 
 .text.TIMx_Init
                0x08002e00      0x108 ./STM32X/Lib/TIM.o
 .text.TIM_IRQHandler
                0x08002f08       0x98 ./STM32X/Lib/TIM.o
 .text.TIM1_BRK_UP_TRG_COM_IRQHandler
                0x08002fa0       0x18 ./STM32X/Lib/TIM.o
                0x08002fa0                TIM1_BRK_UP_TRG_COM_IRQHandler
 .text.TIM1_CC_IRQHandler
                0x08002fb8       0x18 ./STM32X/Lib/TIM.o
                0x08002fb8                TIM1_CC_IRQHandler
 .text.TIM3_IRQHandler
                0x08002fd0       0x18 ./STM32X/Lib/TIM.o
                0x08002fd0                TIM3_IRQHandler
 .text.TIM14_IRQHandler
                0x08002fe8       0x18 ./STM32X/Lib/TIM.o
                0x08002fe8                TIM14_IRQHandler
 .text.TIM16_IRQHandler
                0x08003000       0x18 ./STM32X/Lib/TIM.o
                0x08003000                TIM16_IRQHandler
 .text.TIM17_IRQHandler
                0x08003018       0x18 ./STM32X/Lib/TIM.o
                0x08003018                TIM17_IRQHandler
 .text.CLK_GetHCLKFreq
                0x08003030       0x10 ./STM32X/Lib/US.o
 .text.US_Delay
                0x08003040       0x24 ./STM32X/Lib/US.o
                0x08003040                US_Delay
 .text.__libc_init_array
                0x08003064       0x48 /Applications/STM32CubeIDE.app/Contents/Eclipse/plugins/com.st.stm32cube.ide.mcu.externaltools.gnu-tools-for-stm32.12.3.rel1.macos64_1.0.100.202403111906/tools/bin/../lib/gcc/arm-none-eabi/12.3.1/../../../../arm-none-eabi/lib/thumb/v6-m/nofp/libc_nano.a(libc_a-init.o)
                0x08003064                __libc_init_array
 .text.memcpy   0x080030ac       0x12 /Applications/STM32CubeIDE.app/Contents/Eclipse/plugins/com.st.stm32cube.ide.mcu.externaltools.gnu-tools-for-stm32.12.3.rel1.macos64_1.0.100.202403111906/tools/bin/../lib/gcc/arm-none-eabi/12.3.1/../../../../arm-none-eabi/lib/thumb/v6-m/nofp/libc_nano.a(libc_a-memcpy-stub.o)
                0x080030ac                memcpy
 *(.glue_7)
 .glue_7        0x080030be        0x0 linker stubs
 *(.glue_7t)
 .glue_7t       0x080030be        0x0 linker stubs
 *(.eh_frame)
 *fill*         0x080030be        0x2 
 .eh_frame      0x080030c0        0x0 /Applications/STM32CubeIDE.app/Contents/Eclipse/plugins/com.st.stm32cube.ide.mcu.externaltools.gnu-tools-for-stm32.12.3.rel1.macos64_1.0.100.202403111906/tools/bin/../lib/gcc/arm-none-eabi/12.3.1/thumb/v6-m/nofp/crtbegin.o
 *(.init)
 .init          0x080030c0        0x4 /Applications/STM32CubeIDE.app/Contents/Eclipse/plugins/com.st.stm32cube.ide.mcu.externaltools.gnu-tools-for-stm32.12.3.rel1.macos64_1.0.100.202403111906/tools/bin/../lib/gcc/arm-none-eabi/12.3.1/thumb/v6-m/nofp/crti.o
                0x080030c0                _init
 .init          0x080030c4        0x8 /Applications/STM32CubeIDE.app/Contents/Eclipse/plugins/com.st.stm32cube.ide.mcu.externaltools.gnu-tools-for-stm32.12.3.rel1.macos64_1.0.100.202403111906/tools/bin/../lib/gcc/arm-none-eabi/12.3.1/thumb/v6-m/nofp/crtn.o
 *(.fini)
 .fini          0x080030cc        0x4 /Applications/STM32CubeIDE.app/Contents/Eclipse/plugins/com.st.stm32cube.ide.mcu.externaltools.gnu-tools-for-stm32.12.3.rel1.macos64_1.0.100.202403111906/tools/bin/../lib/gcc/arm-none-eabi/12.3.1/thumb/v6-m/nofp/crti.o
                0x080030cc                _fini
 .fini          0x080030d0        0x8 /Applications/STM32CubeIDE.app/Contents/Eclipse/plugins/com.st.stm32cube.ide.mcu.externaltools.gnu-tools-for-stm32.12.3.rel1.macos64_1.0.100.202403111906/tools/bin/../lib/gcc/arm-none-eabi/12.3.1/thumb/v6-m/nofp/crtn.o
                0x080030d8                        . = ALIGN (0x4)
                0x080030d8                        _etext = .

.vfp11_veneer   0x080030d8        0x0
 .vfp11_veneer  0x080030d8        0x0 linker stubs

.v4_bx          0x080030d8        0x0
 .v4_bx         0x080030d8        0x0 linker stubs

.iplt           0x080030d8        0x0
 .iplt          0x080030d8        0x0 /Applications/STM32CubeIDE.app/Contents/Eclipse/plugins/com.st.stm32cube.ide.mcu.externaltools.gnu-tools-for-stm32.12.3.rel1.macos64_1.0.100.202403111906/tools/bin/../lib/gcc/arm-none-eabi/12.3.1/thumb/v6-m/nofp/crtbegin.o

.rodata         0x080030d8       0x40
                0x080030d8                        . = ALIGN (0x4)
 *(.rodata)
 .rodata        0x080030d8       0x40 /Applications/STM32CubeIDE.app/Contents/Eclipse/plugins/com.st.stm32cube.ide.mcu.externaltools.gnu-tools-for-stm32.12.3.rel1.macos64_1.0.100.202403111906/tools/bin/../lib/gcc/arm-none-eabi/12.3.1/thumb/v6-m/nofp/libgcc.a(divdf3.o)
 *(.rodata*)
                0x08003118                        . = ALIGN (0x4)

.ARM.extab      0x08003118        0x0
                0x08003118                        . = ALIGN (0x4)
 *(.ARM.extab* .gnu.linkonce.armextab.*)
                0x08003118                        . = ALIGN (0x4)

.ARM            0x08003118        0x0
                0x08003118                        . = ALIGN (0x4)
                0x08003118                        __exidx_start = .
 *(.ARM.exidx*)
                0x08003118                        __exidx_end = .
                0x08003118                        . = ALIGN (0x4)

.preinit_array  0x08003118        0x0
                0x08003118                        . = ALIGN (0x4)
                0x08003118                        PROVIDE (__preinit_array_start = .)
 *(.preinit_array*)
                0x08003118                        PROVIDE (__preinit_array_end = .)
                0x08003118                        . = ALIGN (0x4)

.init_array     0x08003118        0x4
                0x08003118                        . = ALIGN (0x4)
                0x08003118                        PROVIDE (__init_array_start = .)
 *(SORT_BY_NAME(.init_array.*))
 *(.init_array*)
 .init_array    0x08003118        0x4 /Applications/STM32CubeIDE.app/Contents/Eclipse/plugins/com.st.stm32cube.ide.mcu.externaltools.gnu-tools-for-stm32.12.3.rel1.macos64_1.0.100.202403111906/tools/bin/../lib/gcc/arm-none-eabi/12.3.1/thumb/v6-m/nofp/crtbegin.o
                0x0800311c                        PROVIDE (__init_array_end = .)
                0x0800311c                        . = ALIGN (0x4)

.fini_array     0x0800311c        0x4
                0x0800311c                        . = ALIGN (0x4)
                [!provide]                        PROVIDE (__fini_array_start = .)
 *(SORT_BY_NAME(.fini_array.*))
 *(.fini_array*)
 .fini_array    0x0800311c        0x4 /Applications/STM32CubeIDE.app/Contents/Eclipse/plugins/com.st.stm32cube.ide.mcu.externaltools.gnu-tools-for-stm32.12.3.rel1.macos64_1.0.100.202403111906/tools/bin/../lib/gcc/arm-none-eabi/12.3.1/thumb/v6-m/nofp/crtbegin.o
                [!provide]                        PROVIDE (__fini_array_end = .)
                0x08003120                        . = ALIGN (0x4)
                0x08003120                        _sidata = LOADADDR (.data)

.rel.dyn        0x08003120        0x0
 .rel.iplt      0x08003120        0x0 /Applications/STM32CubeIDE.app/Contents/Eclipse/plugins/com.st.stm32cube.ide.mcu.externaltools.gnu-tools-for-stm32.12.3.rel1.macos64_1.0.100.202403111906/tools/bin/../lib/gcc/arm-none-eabi/12.3.1/thumb/v6-m/nofp/crtbegin.o

.data           0x20000000       0xa0 load address 0x08003120
                0x20000000                        . = ALIGN (0x4)
                0x20000000                        _sdata = .
 *(.data)
 *(.data*)
 .data.timeinCount.13
                0x20000000        0x1 ./Core/Src/Radio.o
 *fill*         0x20000001        0x3 
 .data.gADC     0x20000004        0x4 ./STM32X/Lib/ADC.o
 .data.gSPI_1   0x20000008        0x8 ./STM32X/Lib/SPI.o
 .data.SPI_1    0x20000010        0x4 ./STM32X/Lib/SPI.o
                0x20000010                SPI_1
 .data.gTIM_1   0x20000014       0x18 ./STM32X/Lib/TIM.o
 .data.TIM_1    0x2000002c        0x4 ./STM32X/Lib/TIM.o
                0x2000002c                TIM_1
 .data.gTIM_3   0x20000030       0x18 ./STM32X/Lib/TIM.o
 .data.TIM_3    0x20000048        0x4 ./STM32X/Lib/TIM.o
                0x20000048                TIM_3
 .data.gTIM_14  0x2000004c       0x18 ./STM32X/Lib/TIM.o
 .data.TIM_14   0x20000064        0x4 ./STM32X/Lib/TIM.o
                0x20000064                TIM_14
 .data.gTIM_16  0x20000068       0x18 ./STM32X/Lib/TIM.o
 .data.TIM_16   0x20000080        0x4 ./STM32X/Lib/TIM.o
                0x20000080                TIM_16
 .data.gTIM_17  0x20000084       0x18 ./STM32X/Lib/TIM.o
 .data.TIM_17   0x2000009c        0x4 ./STM32X/Lib/TIM.o
                0x2000009c                TIM_17
 *(.RamFunc)
 *(.RamFunc*)
                0x200000a0                        . = ALIGN (0x4)
                0x200000a0                        _edata = .

.igot.plt       0x200000a0        0x0 load address 0x080031c0
 .igot.plt      0x200000a0        0x0 /Applications/STM32CubeIDE.app/Contents/Eclipse/plugins/com.st.stm32cube.ide.mcu.externaltools.gnu-tools-for-stm32.12.3.rel1.macos64_1.0.100.202403111906/tools/bin/../lib/gcc/arm-none-eabi/12.3.1/thumb/v6-m/nofp/crtbegin.o
                0x200000a0                        . = ALIGN (0x4)

.bss            0x200000a0      0x12c load address 0x080031c0
                0x200000a0                        _sbss = .
                0x200000a0                        __bss_start__ = _sbss
 *(.bss)
 .bss           0x200000a0       0x1c /Applications/STM32CubeIDE.app/Contents/Eclipse/plugins/com.st.stm32cube.ide.mcu.externaltools.gnu-tools-for-stm32.12.3.rel1.macos64_1.0.100.202403111906/tools/bin/../lib/gcc/arm-none-eabi/12.3.1/thumb/v6-m/nofp/crtbegin.o
 *(.bss*)
 .bss.config    0x200000bc       0x1c ./Core/Src/Motor.o
                0x200000bc                config
 .bss.dataPtr   0x200000d8        0x4 ./Core/Src/Motor.o
                0x200000d8                dataPtr
 .bss.initialised
                0x200000dc        0x1 ./Core/Src/Radio.o
 *fill*         0x200000dd        0x3 
 .bss.rx        0x200000e0       0x10 ./Core/Src/Radio.o
 .bss.data      0x200000f0       0x18 ./Core/Src/Radio.o
                0x200000f0                data
 .bss.count.14  0x20000108        0x1 ./Core/Src/Radio.o
 *fill*         0x20000109        0x3 
 .bss.tick.12   0x2000010c       0x10 ./Core/Src/Radio.o
 .bss.pos_p.11  0x2000011c        0x1 ./Core/Src/Radio.o
 *fill*         0x2000011d        0x3 
 .bss.tickHigh.10
                0x20000120        0x4 ./Core/Src/Radio.o
 .bss.tickLow.9
                0x20000124        0x4 ./Core/Src/Radio.o
 .bss.pos_p.8   0x20000128        0x1 ./Core/Src/Radio.o
 *fill*         0x20000129        0x3 
 .bss.tickHigh.7
                0x2000012c        0x4 ./Core/Src/Radio.o
 .bss.tickLow.6
                0x20000130        0x4 ./Core/Src/Radio.o
 .bss.pos_p.5   0x20000134        0x1 ./Core/Src/Radio.o
 *fill*         0x20000135        0x3 
 .bss.tickHigh.4
                0x20000138        0x4 ./Core/Src/Radio.o
 .bss.tickLow.3
                0x2000013c        0x4 ./Core/Src/Radio.o
 .bss.pos_p.2   0x20000140        0x1 ./Core/Src/Radio.o
 *fill*         0x20000141        0x3 
 .bss.tickHigh.1
                0x20000144        0x4 ./Core/Src/Radio.o
 .bss.tickLow.0
                0x20000148        0x4 ./Core/Src/Radio.o
 .bss.faultTemp
                0x2000014c        0x1 ./Core/Src/Temperature.o
 *fill*         0x2000014d        0x3 
 .bss.tempArray
                0x20000150        0xc ./Core/Src/Temperature.o
 .bss.tempSum   0x2000015c        0x4 ./Core/Src/Temperature.o
 .bss.configVerified
                0x20000160        0x1 ./Core/Src/main.o
 *fill*         0x20000161        0x3 
 .bss.config    0x20000164       0x1c ./Core/Src/main.o
 .bss.dataPtr   0x20000180        0x4 ./Core/Src/main.o
 .bss.gTickCallback
                0x20000184        0x4 ./STM32X/Lib/Core.o
 .bss.gTicks    0x20000188        0x4 ./STM32X/Lib/Core.o
                0x20000188                gTicks
 .bss.gCallback
                0x2000018c       0x40 ./STM32X/Lib/GPIO.o
                0x2000018c                gCallback
 *(COMMON)
                0x200001cc                        . = ALIGN (0x4)
                0x200001cc                        _ebss = .
                0x200001cc                        __bss_end__ = _ebss

._user_heap_stack
                0x200001cc      0x604 load address 0x080031c0
                0x200001d0                        . = ALIGN (0x8)
 *fill*         0x200001cc        0x4 
                0x200001d0                        PROVIDE (end = .)
                [!provide]                        PROVIDE (_end = .)
                0x200003d0                        . = (. + _Min_Heap_Size)
 *fill*         0x200001d0      0x200 
                0x200007d0                        . = (. + _Min_Stack_Size)
 *fill*         0x200003d0      0x400 
                0x200007d0                        . = ALIGN (0x8)

/DISCARD/
 libc.a(*)
 libm.a(*)
 libgcc.a(*)

.ARM.attributes
                0x00000000       0x28
 *(.ARM.attributes)
 .ARM.attributes
                0x00000000       0x1e /Applications/STM32CubeIDE.app/Contents/Eclipse/plugins/com.st.stm32cube.ide.mcu.externaltools.gnu-tools-for-stm32.12.3.rel1.macos64_1.0.100.202403111906/tools/bin/../lib/gcc/arm-none-eabi/12.3.1/thumb/v6-m/nofp/crti.o
 .ARM.attributes
                0x0000001e       0x2c /Applications/STM32CubeIDE.app/Contents/Eclipse/plugins/com.st.stm32cube.ide.mcu.externaltools.gnu-tools-for-stm32.12.3.rel1.macos64_1.0.100.202403111906/tools/bin/../lib/gcc/arm-none-eabi/12.3.1/thumb/v6-m/nofp/crtbegin.o
 .ARM.attributes
                0x0000004a       0x2c ./Core/Src/LED.o
 .ARM.attributes
                0x00000076       0x2c ./Core/Src/Motor.o
 .ARM.attributes
                0x000000a2       0x2c ./Core/Src/Radio.o
 .ARM.attributes
                0x000000ce       0x2c ./Core/Src/Temperature.o
 .ARM.attributes
                0x000000fa       0x2c ./Core/Src/main.o
 .ARM.attributes
                0x00000126       0x2c ./Core/Src/system_stm32c0xx.o
 .ARM.attributes
                0x00000152       0x22 ./Core/Startup/startup_stm32c031k6tx.o
 .ARM.attributes
                0x00000174       0x2c ./Drivers/STM32C0xx_HAL_Driver/Src/stm32c0xx_hal_cortex.o
 .ARM.attributes
                0x000001a0       0x2c ./Modules/Utils/FPROM/FPROM.o
 .ARM.attributes
                0x000001cc       0x2c ./STM32X/Lib/ADC.o
 .ARM.attributes
                0x000001f8       0x2c ./STM32X/Lib/CLK.o
 .ARM.attributes
                0x00000224       0x2c ./STM32X/Lib/Core.o
 .ARM.attributes
                0x00000250       0x2c ./STM32X/Lib/FLASH.o
 .ARM.attributes
                0x0000027c       0x2c ./STM32X/Lib/GPIO.o
 .ARM.attributes
                0x000002a8       0x2c ./STM32X/Lib/SPI.o
 .ARM.attributes
                0x000002d4       0x2c ./STM32X/Lib/TIM.o
 .ARM.attributes
                0x00000300       0x2c ./STM32X/Lib/US.o
 .ARM.attributes
                0x0000032c       0x2c /Applications/STM32CubeIDE.app/Contents/Eclipse/plugins/com.st.stm32cube.ide.mcu.externaltools.gnu-tools-for-stm32.12.3.rel1.macos64_1.0.100.202403111906/tools/bin/../lib/gcc/arm-none-eabi/12.3.1/../../../../arm-none-eabi/lib/thumb/v6-m/nofp/libc_nano.a(libc_a-init.o)
 .ARM.attributes
                0x00000358       0x2c /Applications/STM32CubeIDE.app/Contents/Eclipse/plugins/com.st.stm32cube.ide.mcu.externaltools.gnu-tools-for-stm32.12.3.rel1.macos64_1.0.100.202403111906/tools/bin/../lib/gcc/arm-none-eabi/12.3.1/../../../../arm-none-eabi/lib/thumb/v6-m/nofp/libc_nano.a(libc_a-memcpy-stub.o)
 .ARM.attributes
                0x00000384       0x1e /Applications/STM32CubeIDE.app/Contents/Eclipse/plugins/com.st.stm32cube.ide.mcu.externaltools.gnu-tools-for-stm32.12.3.rel1.macos64_1.0.100.202403111906/tools/bin/../lib/gcc/arm-none-eabi/12.3.1/thumb/v6-m/nofp/libgcc.a(_udivsi3.o)
 .ARM.attributes
                0x000003a2       0x1e /Applications/STM32CubeIDE.app/Contents/Eclipse/plugins/com.st.stm32cube.ide.mcu.externaltools.gnu-tools-for-stm32.12.3.rel1.macos64_1.0.100.202403111906/tools/bin/../lib/gcc/arm-none-eabi/12.3.1/thumb/v6-m/nofp/libgcc.a(_divsi3.o)
 .ARM.attributes
                0x000003c0       0x1e /Applications/STM32CubeIDE.app/Contents/Eclipse/plugins/com.st.stm32cube.ide.mcu.externaltools.gnu-tools-for-stm32.12.3.rel1.macos64_1.0.100.202403111906/tools/bin/../lib/gcc/arm-none-eabi/12.3.1/thumb/v6-m/nofp/libgcc.a(_dvmd_tls.o)
 .ARM.attributes
                0x000003de       0x2c /Applications/STM32CubeIDE.app/Contents/Eclipse/plugins/com.st.stm32cube.ide.mcu.externaltools.gnu-tools-for-stm32.12.3.rel1.macos64_1.0.100.202403111906/tools/bin/../lib/gcc/arm-none-eabi/12.3.1/thumb/v6-m/nofp/libgcc.a(_ffssi2.o)
 .ARM.attributes
                0x0000040a       0x2c /Applications/STM32CubeIDE.app/Contents/Eclipse/plugins/com.st.stm32cube.ide.mcu.externaltools.gnu-tools-for-stm32.12.3.rel1.macos64_1.0.100.202403111906/tools/bin/../lib/gcc/arm-none-eabi/12.3.1/thumb/v6-m/nofp/libgcc.a(adddf3.o)
 .ARM.attributes
                0x00000436       0x2c /Applications/STM32CubeIDE.app/Contents/Eclipse/plugins/com.st.stm32cube.ide.mcu.externaltools.gnu-tools-for-stm32.12.3.rel1.macos64_1.0.100.202403111906/tools/bin/../lib/gcc/arm-none-eabi/12.3.1/thumb/v6-m/nofp/libgcc.a(divdf3.o)
 .ARM.attributes
                0x00000462       0x2c /Applications/STM32CubeIDE.app/Contents/Eclipse/plugins/com.st.stm32cube.ide.mcu.externaltools.gnu-tools-for-stm32.12.3.rel1.macos64_1.0.100.202403111906/tools/bin/../lib/gcc/arm-none-eabi/12.3.1/thumb/v6-m/nofp/libgcc.a(fixdfsi.o)
 .ARM.attributes
                0x0000048e       0x2c /Applications/STM32CubeIDE.app/Contents/Eclipse/plugins/com.st.stm32cube.ide.mcu.externaltools.gnu-tools-for-stm32.12.3.rel1.macos64_1.0.100.202403111906/tools/bin/../lib/gcc/arm-none-eabi/12.3.1/thumb/v6-m/nofp/libgcc.a(floatsidf.o)
 .ARM.attributes
                0x000004ba       0x1e /Applications/STM32CubeIDE.app/Contents/Eclipse/plugins/com.st.stm32cube.ide.mcu.externaltools.gnu-tools-for-stm32.12.3.rel1.macos64_1.0.100.202403111906/tools/bin/../lib/gcc/arm-none-eabi/12.3.1/thumb/v6-m/nofp/libgcc.a(_clzsi2.o)
 .ARM.attributes
                0x000004d8       0x1e /Applications/STM32CubeIDE.app/Contents/Eclipse/plugins/com.st.stm32cube.ide.mcu.externaltools.gnu-tools-for-stm32.12.3.rel1.macos64_1.0.100.202403111906/tools/bin/../lib/gcc/arm-none-eabi/12.3.1/thumb/v6-m/nofp/libgcc.a(_ctzsi2.o)
 .ARM.attributes
                0x000004f6       0x1e /Applications/STM32CubeIDE.app/Contents/Eclipse/plugins/com.st.stm32cube.ide.mcu.externaltools.gnu-tools-for-stm32.12.3.rel1.macos64_1.0.100.202403111906/tools/bin/../lib/gcc/arm-none-eabi/12.3.1/thumb/v6-m/nofp/crtn.o
OUTPUT(KAKAPO-20A.elf elf32-littlearm)
LOAD linker stubs
LOAD /Applications/STM32CubeIDE.app/Contents/Eclipse/plugins/com.st.stm32cube.ide.mcu.externaltools.gnu-tools-for-stm32.12.3.rel1.macos64_1.0.100.202403111906/tools/bin/../lib/gcc/arm-none-eabi/12.3.1/../../../../arm-none-eabi/lib/thumb/v6-m/nofp/libc.a
LOAD /Applications/STM32CubeIDE.app/Contents/Eclipse/plugins/com.st.stm32cube.ide.mcu.externaltools.gnu-tools-for-stm32.12.3.rel1.macos64_1.0.100.202403111906/tools/bin/../lib/gcc/arm-none-eabi/12.3.1/../../../../arm-none-eabi/lib/thumb/v6-m/nofp/libm.a
LOAD /Applications/STM32CubeIDE.app/Contents/Eclipse/plugins/com.st.stm32cube.ide.mcu.externaltools.gnu-tools-for-stm32.12.3.rel1.macos64_1.0.100.202403111906/tools/bin/../lib/gcc/arm-none-eabi/12.3.1/thumb/v6-m/nofp/libgcc.a

.debug_info     0x00000000     0x6ef1
 .debug_info    0x00000000      0x647 ./Core/Src/LED.o
 .debug_info    0x00000647      0xd39 ./Core/Src/Motor.o
 .debug_info    0x00001380      0xb9e ./Core/Src/Radio.o
 .debug_info    0x00001f1e      0x245 ./Core/Src/Temperature.o
 .debug_info    0x00002163      0x595 ./Core/Src/main.o
 .debug_info    0x000026f8      0x368 ./Core/Src/system_stm32c0xx.o
 .debug_info    0x00002a60       0x30 ./Core/Startup/startup_stm32c031k6tx.o
 .debug_info    0x00002a90      0x82a ./Drivers/STM32C0xx_HAL_Driver/Src/stm32c0xx_hal_cortex.o
 .debug_info    0x000032ba      0x212 ./Modules/Utils/FPROM/FPROM.o
 .debug_info    0x000034cc      0x694 ./STM32X/Lib/ADC.o
 .debug_info    0x00003b60      0x3d1 ./STM32X/Lib/CLK.o
 .debug_info    0x00003f31      0x9b9 ./STM32X/Lib/Core.o
 .debug_info    0x000048ea      0x357 ./STM32X/Lib/FLASH.o
 .debug_info    0x00004c41      0xba2 ./STM32X/Lib/GPIO.o
 .debug_info    0x000057e3      0x990 ./STM32X/Lib/SPI.o
 .debug_info    0x00006173      0xc7e ./STM32X/Lib/TIM.o
 .debug_info    0x00006df1      0x100 ./STM32X/Lib/US.o

.debug_abbrev   0x00000000     0x222b
 .debug_abbrev  0x00000000      0x1f1 ./Core/Src/LED.o
 .debug_abbrev  0x000001f1      0x319 ./Core/Src/Motor.o
 .debug_abbrev  0x0000050a      0x31c ./Core/Src/Radio.o
 .debug_abbrev  0x00000826      0x171 ./Core/Src/Temperature.o
 .debug_abbrev  0x00000997      0x245 ./Core/Src/main.o
 .debug_abbrev  0x00000bdc      0x117 ./Core/Src/system_stm32c0xx.o
 .debug_abbrev  0x00000cf3       0x24 ./Core/Startup/startup_stm32c031k6tx.o
 .debug_abbrev  0x00000d17      0x2b7 ./Drivers/STM32C0xx_HAL_Driver/Src/stm32c0xx_hal_cortex.o
 .debug_abbrev  0x00000fce      0x11d ./Modules/Utils/FPROM/FPROM.o
 .debug_abbrev  0x000010eb      0x269 ./STM32X/Lib/ADC.o
 .debug_abbrev  0x00001354      0x1a3 ./STM32X/Lib/CLK.o
 .debug_abbrev  0x000014f7      0x31e ./STM32X/Lib/Core.o
 .debug_abbrev  0x00001815      0x1f9 ./STM32X/Lib/FLASH.o
 .debug_abbrev  0x00001a0e      0x25d ./STM32X/Lib/GPIO.o
 .debug_abbrev  0x00001c6b      0x271 ./STM32X/Lib/SPI.o
 .debug_abbrev  0x00001edc      0x2a1 ./STM32X/Lib/TIM.o
 .debug_abbrev  0x0000217d       0xae ./STM32X/Lib/US.o

.debug_aranges  0x00000000      0x798
 .debug_aranges
                0x00000000       0x88 ./Core/Src/LED.o
 .debug_aranges
                0x00000088       0xb8 ./Core/Src/Motor.o
 .debug_aranges
                0x00000140       0xa8 ./Core/Src/Radio.o
 .debug_aranges
                0x000001e8       0x50 ./Core/Src/Temperature.o
 .debug_aranges
                0x00000238       0x70 ./Core/Src/main.o
 .debug_aranges
                0x000002a8       0x28 ./Core/Src/system_stm32c0xx.o
 .debug_aranges
                0x000002d0       0x28 ./Core/Startup/startup_stm32c031k6tx.o
 .debug_aranges
                0x000002f8       0xd8 ./Drivers/STM32C0xx_HAL_Driver/Src/stm32c0xx_hal_cortex.o
 .debug_aranges
                0x000003d0       0x28 ./Modules/Utils/FPROM/FPROM.o
 .debug_aranges
                0x000003f8       0x78 ./STM32X/Lib/ADC.o
 .debug_aranges
                0x00000470       0x60 ./STM32X/Lib/CLK.o
 .debug_aranges
                0x000004d0       0x90 ./STM32X/Lib/Core.o
 .debug_aranges
                0x00000560       0x48 ./STM32X/Lib/FLASH.o
 .debug_aranges
                0x000005a8       0x90 ./STM32X/Lib/GPIO.o
 .debug_aranges
                0x00000638       0x70 ./STM32X/Lib/SPI.o
 .debug_aranges
                0x000006a8       0xc8 ./STM32X/Lib/TIM.o
 .debug_aranges
                0x00000770       0x28 ./STM32X/Lib/US.o

.debug_rnglists
                0x00000000      0x5a9
 .debug_rnglists
                0x00000000       0x62 ./Core/Src/LED.o
 .debug_rnglists
                0x00000062       0x8e ./Core/Src/Motor.o
 .debug_rnglists
                0x000000f0       0x81 ./Core/Src/Radio.o
 .debug_rnglists
                0x00000171       0x39 ./Core/Src/Temperature.o
 .debug_rnglists
                0x000001aa       0x72 ./Core/Src/main.o
 .debug_rnglists
                0x0000021c       0x1a ./Core/Src/system_stm32c0xx.o
 .debug_rnglists
                0x00000236       0x19 ./Core/Startup/startup_stm32c031k6tx.o
 .debug_rnglists
                0x0000024f       0x9f ./Drivers/STM32C0xx_HAL_Driver/Src/stm32c0xx_hal_cortex.o
 .debug_rnglists
                0x000002ee       0x1a ./Modules/Utils/FPROM/FPROM.o
 .debug_rnglists
                0x00000308       0x57 ./STM32X/Lib/ADC.o
 .debug_rnglists
                0x0000035f       0x44 ./STM32X/Lib/CLK.o
 .debug_rnglists
                0x000003a3       0x69 ./STM32X/Lib/Core.o
 .debug_rnglists
                0x0000040c       0x33 ./STM32X/Lib/FLASH.o
 .debug_rnglists
                0x0000043f       0x6a ./STM32X/Lib/GPIO.o
 .debug_rnglists
                0x000004a9       0x52 ./STM32X/Lib/SPI.o
 .debug_rnglists
                0x000004fb       0x95 ./STM32X/Lib/TIM.o
 .debug_rnglists
                0x00000590       0x19 ./STM32X/Lib/US.o

.debug_macro    0x00000000     0x3baf
 .debug_macro   0x00000000      0x43c ./Core/Src/LED.o
 .debug_macro   0x0000043c       0x1c ./Core/Src/LED.o
 .debug_macro   0x00000458       0x10 ./Core/Src/LED.o
 .debug_macro   0x00000468       0x2e ./Core/Src/LED.o
 .debug_macro   0x00000496       0x1c ./Core/Src/LED.o
 .debug_macro   0x000004b2       0x34 ./Core/Src/LED.o
 .debug_macro   0x000004e6       0x10 ./Core/Src/LED.o
 .debug_macro   0x000004f6      0x474 ./Core/Src/Motor.o
 .debug_macro   0x0000096a       0x16 ./Core/Src/Motor.o
 .debug_macro   0x00000980      0x407 ./Core/Src/Radio.o
 .debug_macro   0x00000d87       0x28 ./Core/Src/Radio.o
 .debug_macro   0x00000daf      0x3bd ./Core/Src/Temperature.o
 .debug_macro   0x0000116c      0x44a ./Core/Src/main.o
 .debug_macro   0x000015b6      0x277 ./Core/Src/system_stm32c0xx.o
 .debug_macro   0x0000182d       0x2e ./Core/Src/system_stm32c0xx.o
 .debug_macro   0x0000185b       0x5b ./Core/Src/system_stm32c0xx.o
 .debug_macro   0x000018b6      0x271 ./Drivers/STM32C0xx_HAL_Driver/Src/stm32c0xx_hal_cortex.o
 .debug_macro   0x00001b27      0x378 ./Modules/Utils/FPROM/FPROM.o
 .debug_macro   0x00001e9f      0x418 ./STM32X/Lib/ADC.o
 .debug_macro   0x000022b7      0x386 ./STM32X/Lib/CLK.o
 .debug_macro   0x0000263d      0x3a6 ./STM32X/Lib/Core.o
 .debug_macro   0x000029e3      0x394 ./STM32X/Lib/FLASH.o
 .debug_macro   0x00002d77      0x38c ./STM32X/Lib/GPIO.o
 .debug_macro   0x00003103      0x392 ./STM32X/Lib/SPI.o
 .debug_macro   0x00003495      0x3a2 ./STM32X/Lib/TIM.o
 .debug_macro   0x00003837      0x378 ./STM32X/Lib/US.o

.debug_line     0x00000000     0xc4ce
 .debug_line    0x00000000      0xcfd ./Core/Src/LED.o
 .debug_line    0x00000cfd      0xefd ./Core/Src/Motor.o
 .debug_line    0x00001bfa      0xf0d ./Core/Src/Radio.o
 .debug_line    0x00002b07      0xbb6 ./Core/Src/Temperature.o
 .debug_line    0x000036bd      0xecf ./Core/Src/main.o
 .debug_line    0x0000458c      0x8ae ./Core/Src/system_stm32c0xx.o
 .debug_line    0x00004e3a       0x7d ./Core/Startup/startup_stm32c031k6tx.o
 .debug_line    0x00004eb7      0xc90 ./Drivers/STM32C0xx_HAL_Driver/Src/stm32c0xx_hal_cortex.o
 .debug_line    0x00005b47      0xa37 ./Modules/Utils/FPROM/FPROM.o
 .debug_line    0x0000657e      0xc47 ./STM32X/Lib/ADC.o
 .debug_line    0x000071c5      0xb09 ./STM32X/Lib/CLK.o
 .debug_line    0x00007cce      0xc15 ./STM32X/Lib/Core.o
 .debug_line    0x000088e3      0xb24 ./STM32X/Lib/FLASH.o
 .debug_line    0x00009407      0xc95 ./STM32X/Lib/GPIO.o
 .debug_line    0x0000a09c      0xc7e ./STM32X/Lib/SPI.o
 .debug_line    0x0000ad1a      0xd74 ./STM32X/Lib/TIM.o
 .debug_line    0x0000ba8e      0xa40 ./STM32X/Lib/US.o

.debug_str      0x00000000    0x926fc
 .debug_str     0x00000000    0x900d7 ./Core/Src/LED.o
                              0x9099f (size before relaxing)
 .debug_str     0x000900d7      0x6df ./Core/Src/Motor.o
                              0x90f9a (size before relaxing)
 .debug_str     0x000907b6      0x485 ./Core/Src/Radio.o
                              0x90bcb (size before relaxing)
 .debug_str     0x00090c3b      0x154 ./Core/Src/Temperature.o
                              0x90465 (size before relaxing)
 .debug_str     0x00090d8f      0x25f ./Core/Src/main.o
                              0x90a06 (size before relaxing)
 .debug_str     0x00090fee      0x162 ./Core/Src/system_stm32c0xx.o
                              0x8cc04 (size before relaxing)
 .debug_str     0x00091150       0x44 ./Core/Startup/startup_stm32c031k6tx.o
                                 0x80 (size before relaxing)
 .debug_str     0x00091194      0x419 ./Drivers/STM32C0xx_HAL_Driver/Src/stm32c0xx_hal_cortex.o
                              0x8cfec (size before relaxing)
 .debug_str     0x000915ad       0x70 ./Modules/Utils/FPROM/FPROM.o
                              0x90304 (size before relaxing)
 .debug_str     0x0009161d      0x5d7 ./STM32X/Lib/ADC.o
                              0x909af (size before relaxing)
 .debug_str     0x00091bf4      0x16b ./STM32X/Lib/CLK.o
                              0x904aa (size before relaxing)
 .debug_str     0x00091d5f      0x1d5 ./STM32X/Lib/Core.o
                              0x9097c (size before relaxing)
 .debug_str     0x00091f34      0x211 ./STM32X/Lib/FLASH.o
                              0x9053b (size before relaxing)
 .debug_str     0x00092145      0x1f6 ./STM32X/Lib/GPIO.o
                              0x909fd (size before relaxing)
 .debug_str     0x0009233b      0x11b ./STM32X/Lib/SPI.o
                              0x90785 (size before relaxing)
 .debug_str     0x00092456      0x285 ./STM32X/Lib/TIM.o
                              0x90a66 (size before relaxing)
 .debug_str     0x000926db       0x21 ./STM32X/Lib/US.o
                              0x9028d (size before relaxing)

.comment        0x00000000       0x43
 .comment       0x00000000       0x43 ./Core/Src/LED.o
                                 0x44 (size before relaxing)
 .comment       0x00000043       0x44 ./Core/Src/Motor.o
 .comment       0x00000043       0x44 ./Core/Src/Radio.o
 .comment       0x00000043       0x44 ./Core/Src/Temperature.o
 .comment       0x00000043       0x44 ./Core/Src/main.o
 .comment       0x00000043       0x44 ./Core/Src/system_stm32c0xx.o
 .comment       0x00000043       0x44 ./Drivers/STM32C0xx_HAL_Driver/Src/stm32c0xx_hal_cortex.o
 .comment       0x00000043       0x44 ./Modules/Utils/FPROM/FPROM.o
 .comment       0x00000043       0x44 ./STM32X/Lib/ADC.o
 .comment       0x00000043       0x44 ./STM32X/Lib/CLK.o
 .comment       0x00000043       0x44 ./STM32X/Lib/Core.o
 .comment       0x00000043       0x44 ./STM32X/Lib/FLASH.o
 .comment       0x00000043       0x44 ./STM32X/Lib/GPIO.o
 .comment       0x00000043       0x44 ./STM32X/Lib/SPI.o
 .comment       0x00000043       0x44 ./STM32X/Lib/TIM.o
 .comment       0x00000043       0x44 ./STM32X/Lib/US.o

.debug_frame    0x00000000     0x1930
 .debug_frame   0x00000000      0x1b4 ./Core/Src/LED.o
 .debug_frame   0x000001b4      0x264 ./Core/Src/Motor.o
 .debug_frame   0x00000418      0x240 ./Core/Src/Radio.o
 .debug_frame   0x00000658       0xdc ./Core/Src/Temperature.o
 .debug_frame   0x00000734      0x154 ./Core/Src/main.o
 .debug_frame   0x00000888       0x4c ./Core/Src/system_stm32c0xx.o
 .debug_frame   0x000008d4      0x2fc ./Drivers/STM32C0xx_HAL_Driver/Src/stm32c0xx_hal_cortex.o
 .debug_frame   0x00000bd0       0x54 ./Modules/Utils/FPROM/FPROM.o
 .debug_frame   0x00000c24      0x184 ./STM32X/Lib/ADC.o
 .debug_frame   0x00000da8      0x110 ./STM32X/Lib/CLK.o
 .debug_frame   0x00000eb8      0x1cc ./STM32X/Lib/Core.o
 .debug_frame   0x00001084       0xc8 ./STM32X/Lib/FLASH.o
 .debug_frame   0x0000114c      0x1ec ./STM32X/Lib/GPIO.o
 .debug_frame   0x00001338      0x16c ./STM32X/Lib/SPI.o
 .debug_frame   0x000014a4      0x2b4 ./STM32X/Lib/TIM.o
 .debug_frame   0x00001758       0x48 ./STM32X/Lib/US.o
 .debug_frame   0x000017a0       0x2c /Applications/STM32CubeIDE.app/Contents/Eclipse/plugins/com.st.stm32cube.ide.mcu.externaltools.gnu-tools-for-stm32.12.3.rel1.macos64_1.0.100.202403111906/tools/bin/../lib/gcc/arm-none-eabi/12.3.1/../../../../arm-none-eabi/lib/thumb/v6-m/nofp/libc_nano.a(libc_a-init.o)
 .debug_frame   0x000017cc       0x28 /Applications/STM32CubeIDE.app/Contents/Eclipse/plugins/com.st.stm32cube.ide.mcu.externaltools.gnu-tools-for-stm32.12.3.rel1.macos64_1.0.100.202403111906/tools/bin/../lib/gcc/arm-none-eabi/12.3.1/../../../../arm-none-eabi/lib/thumb/v6-m/nofp/libc_nano.a(libc_a-memcpy-stub.o)
 .debug_frame   0x000017f4       0x20 /Applications/STM32CubeIDE.app/Contents/Eclipse/plugins/com.st.stm32cube.ide.mcu.externaltools.gnu-tools-for-stm32.12.3.rel1.macos64_1.0.100.202403111906/tools/bin/../lib/gcc/arm-none-eabi/12.3.1/thumb/v6-m/nofp/libgcc.a(_udivsi3.o)
 .debug_frame   0x00001814       0x20 /Applications/STM32CubeIDE.app/Contents/Eclipse/plugins/com.st.stm32cube.ide.mcu.externaltools.gnu-tools-for-stm32.12.3.rel1.macos64_1.0.100.202403111906/tools/bin/../lib/gcc/arm-none-eabi/12.3.1/thumb/v6-m/nofp/libgcc.a(_divsi3.o)
 .debug_frame   0x00001834       0x28 /Applications/STM32CubeIDE.app/Contents/Eclipse/plugins/com.st.stm32cube.ide.mcu.externaltools.gnu-tools-for-stm32.12.3.rel1.macos64_1.0.100.202403111906/tools/bin/../lib/gcc/arm-none-eabi/12.3.1/thumb/v6-m/nofp/libgcc.a(_ffssi2.o)
 .debug_frame   0x0000185c       0x3c /Applications/STM32CubeIDE.app/Contents/Eclipse/plugins/com.st.stm32cube.ide.mcu.externaltools.gnu-tools-for-stm32.12.3.rel1.macos64_1.0.100.202403111906/tools/bin/../lib/gcc/arm-none-eabi/12.3.1/thumb/v6-m/nofp/libgcc.a(adddf3.o)
 .debug_frame   0x00001898       0x3c /Applications/STM32CubeIDE.app/Contents/Eclipse/plugins/com.st.stm32cube.ide.mcu.externaltools.gnu-tools-for-stm32.12.3.rel1.macos64_1.0.100.202403111906/tools/bin/../lib/gcc/arm-none-eabi/12.3.1/thumb/v6-m/nofp/libgcc.a(divdf3.o)
 .debug_frame   0x000018d4       0x30 /Applications/STM32CubeIDE.app/Contents/Eclipse/plugins/com.st.stm32cube.ide.mcu.externaltools.gnu-tools-for-stm32.12.3.rel1.macos64_1.0.100.202403111906/tools/bin/../lib/gcc/arm-none-eabi/12.3.1/thumb/v6-m/nofp/libgcc.a(fixdfsi.o)
 .debug_frame   0x00001904       0x2c /Applications/STM32CubeIDE.app/Contents/Eclipse/plugins/com.st.stm32cube.ide.mcu.externaltools.gnu-tools-for-stm32.12.3.rel1.macos64_1.0.100.202403111906/tools/bin/../lib/gcc/arm-none-eabi/12.3.1/thumb/v6-m/nofp/libgcc.a(floatsidf.o)

.debug_line_str
                0x00000000       0x64
 .debug_line_str
                0x00000000       0x64 ./Core/Startup/startup_stm32c031k6tx.o

.debug_loclists
                0x00000000       0x24
 .debug_loclists
                0x00000000       0x24 ./STM32X/Lib/US.o
