Archive member included to satisfy reference by file (symbol)

/Applications/STM32CubeIDE.app/Contents/Eclipse/plugins/com.st.stm32cube.ide.mcu.externaltools.gnu-tools-for-stm32.12.3.rel1.macos64_1.0.100.202403111906/tools/bin/../lib/gcc/arm-none-eabi/12.3.1/../../../../arm-none-eabi/lib/thumb/v6-m/nofp/libc_nano.a(libc_a-exit.o)
                              /Applications/STM32CubeIDE.app/Contents/Eclipse/plugins/com.st.stm32cube.ide.mcu.externaltools.gnu-tools-for-stm32.12.3.rel1.macos64_1.0.100.202403111906/tools/bin/../lib/gcc/arm-none-eabi/12.3.1/../../../../arm-none-eabi/lib/thumb/v6-m/nofp/crt0.o (exit)
/Applications/STM32CubeIDE.app/Contents/Eclipse/plugins/com.st.stm32cube.ide.mcu.externaltools.gnu-tools-for-stm32.12.3.rel1.macos64_1.0.100.202403111906/tools/bin/../lib/gcc/arm-none-eabi/12.3.1/../../../../arm-none-eabi/lib/thumb/v6-m/nofp/libc_nano.a(libc_a-findfp.o)
                              /Applications/STM32CubeIDE.app/Contents/Eclipse/plugins/com.st.stm32cube.ide.mcu.externaltools.gnu-tools-for-stm32.12.3.rel1.macos64_1.0.100.202403111906/tools/bin/../lib/gcc/arm-none-eabi/12.3.1/../../../../arm-none-eabi/lib/thumb/v6-m/nofp/libc_nano.a(libc_a-exit.o) (__stdio_exit_handler)
/Applications/STM32CubeIDE.app/Contents/Eclipse/plugins/com.st.stm32cube.ide.mcu.externaltools.gnu-tools-for-stm32.12.3.rel1.macos64_1.0.100.202403111906/tools/bin/../lib/gcc/arm-none-eabi/12.3.1/../../../../arm-none-eabi/lib/thumb/v6-m/nofp/libc_nano.a(libc_a-fwalk.o)
                              /Applications/STM32CubeIDE.app/Contents/Eclipse/plugins/com.st.stm32cube.ide.mcu.externaltools.gnu-tools-for-stm32.12.3.rel1.macos64_1.0.100.202403111906/tools/bin/../lib/gcc/arm-none-eabi/12.3.1/../../../../arm-none-eabi/lib/thumb/v6-m/nofp/libc_nano.a(libc_a-findfp.o) (_fwalk_sglue)
/Applications/STM32CubeIDE.app/Contents/Eclipse/plugins/com.st.stm32cube.ide.mcu.externaltools.gnu-tools-for-stm32.12.3.rel1.macos64_1.0.100.202403111906/tools/bin/../lib/gcc/arm-none-eabi/12.3.1/../../../../arm-none-eabi/lib/thumb/v6-m/nofp/libc_nano.a(libc_a-memset.o)
                              /Applications/STM32CubeIDE.app/Contents/Eclipse/plugins/com.st.stm32cube.ide.mcu.externaltools.gnu-tools-for-stm32.12.3.rel1.macos64_1.0.100.202403111906/tools/bin/../lib/gcc/arm-none-eabi/12.3.1/../../../../arm-none-eabi/lib/thumb/v6-m/nofp/crt0.o (memset)
/Applications/STM32CubeIDE.app/Contents/Eclipse/plugins/com.st.stm32cube.ide.mcu.externaltools.gnu-tools-for-stm32.12.3.rel1.macos64_1.0.100.202403111906/tools/bin/../lib/gcc/arm-none-eabi/12.3.1/../../../../arm-none-eabi/lib/thumb/v6-m/nofp/libc_nano.a(libc_a-impure.o)
                              /Applications/STM32CubeIDE.app/Contents/Eclipse/plugins/com.st.stm32cube.ide.mcu.externaltools.gnu-tools-for-stm32.12.3.rel1.macos64_1.0.100.202403111906/tools/bin/../lib/gcc/arm-none-eabi/12.3.1/../../../../arm-none-eabi/lib/thumb/v6-m/nofp/libc_nano.a(libc_a-findfp.o) (_impure_data)
/Applications/STM32CubeIDE.app/Contents/Eclipse/plugins/com.st.stm32cube.ide.mcu.externaltools.gnu-tools-for-stm32.12.3.rel1.macos64_1.0.100.202403111906/tools/bin/../lib/gcc/arm-none-eabi/12.3.1/../../../../arm-none-eabi/lib/thumb/v6-m/nofp/libc_nano.a(libc_a-init.o)
                              /Applications/STM32CubeIDE.app/Contents/Eclipse/plugins/com.st.stm32cube.ide.mcu.externaltools.gnu-tools-for-stm32.12.3.rel1.macos64_1.0.100.202403111906/tools/bin/../lib/gcc/arm-none-eabi/12.3.1/../../../../arm-none-eabi/lib/thumb/v6-m/nofp/crt0.o (__libc_init_array)
/Applications/STM32CubeIDE.app/Contents/Eclipse/plugins/com.st.stm32cube.ide.mcu.externaltools.gnu-tools-for-stm32.12.3.rel1.macos64_1.0.100.202403111906/tools/bin/../lib/gcc/arm-none-eabi/12.3.1/../../../../arm-none-eabi/lib/thumb/v6-m/nofp/libc_nano.a(libc_a-lock.o)
                              /Applications/STM32CubeIDE.app/Contents/Eclipse/plugins/com.st.stm32cube.ide.mcu.externaltools.gnu-tools-for-stm32.12.3.rel1.macos64_1.0.100.202403111906/tools/bin/../lib/gcc/arm-none-eabi/12.3.1/../../../../arm-none-eabi/lib/thumb/v6-m/nofp/libc_nano.a(libc_a-findfp.o) (__retarget_lock_init_recursive)
/Applications/STM32CubeIDE.app/Contents/Eclipse/plugins/com.st.stm32cube.ide.mcu.externaltools.gnu-tools-for-stm32.12.3.rel1.macos64_1.0.100.202403111906/tools/bin/../lib/gcc/arm-none-eabi/12.3.1/../../../../arm-none-eabi/lib/thumb/v6-m/nofp/libc_nano.a(libc_a-memcpy-stub.o)
                              ./Modules/Utils/FPROM/FPROM.o (memcpy)
/Applications/STM32CubeIDE.app/Contents/Eclipse/plugins/com.st.stm32cube.ide.mcu.externaltools.gnu-tools-for-stm32.12.3.rel1.macos64_1.0.100.202403111906/tools/bin/../lib/gcc/arm-none-eabi/12.3.1/../../../../arm-none-eabi/lib/thumb/v6-m/nofp/libc_nano.a(libc_a-strlen.o)
                              ./STM32X/Lib/UART.o (strlen)
[...]
Memory Configuration

Name             Origin             Length             Attributes
RAM              0x20000000         0x00003000         xrw
FLASH            0x08000000         0x00008000         xr
*default*        0x00000000         0xffffffff

Linker script and memory map

LOAD /Applications/STM32CubeIDE.app/Contents/Eclipse/plugins/com.st.stm32cube.ide.mcu.externaltools.gnu-tools-for-stm32.12.3.rel1.macos64_1.0.100.202403111906/tools/bin/../lib/gcc/arm-none-eabi/12.3.1/thumb/v6-m/nofp/crti.o
LOAD /Applications/STM32CubeIDE.app/Contents/Eclipse/plugins/com.st.stm32cube.ide.mcu.externaltools.gnu-tools-for-stm32.12.3.rel1.macos64_1.0.100.202403111906/tools/bin/../lib/gcc/arm-none-eabi/12.3.1/thumb/v6-m/nofp/crtbegin.o
LOAD /Applications/STM32CubeIDE.app/Contents/Eclipse/plugins/com.st.stm32cube.ide.mcu.externaltools.gnu-tools-for-stm32.12.3.rel1.macos64_1.0.100.202403111906/tools/bin/../lib/gcc/arm-none-eabi/12.3.1/../../../../arm-none-eabi/lib/thumb/v6-m/nofp/crt0.o
LOAD ./Core/Src/Battery.o
LOAD ./Core/Src/LED.o
LOAD ./Core/Src/Motor.o
LOAD ./Core/Src/Radio.o
LOAD ./Core/Src/Servo.o
LOAD ./Core/Src/Temperature.o
LOAD ./Core/Src/main.o
LOAD ./Core/Src/system_stm32c0xx.o
LOAD ./Core/Startup/startup_stm32c031k6tx.o
LOAD ./Drivers/STM32C0xx_HAL_Driver/Src/stm32c0xx_hal.o
LOAD ./Drivers/STM32C0xx_HAL_Driver/Src/stm32c0xx_hal_adc.o
LOAD ./Drivers/STM32C0xx_HAL_Driver/Src/stm32c0xx_hal_adc_ex.o
LOAD ./Drivers/STM32C0xx_HAL_Driver/Src/stm32c0xx_hal_cortex.o
LOAD ./Drivers/STM32C0xx_HAL_Driver/Src/stm32c0xx_hal_crc.o
LOAD ./Drivers/STM32C0xx_HAL_Driver/Src/stm32c0xx_hal_crc_ex.o
LOAD ./Drivers/STM32C0xx_HAL_Driver/Src/stm32c0xx_hal_dma.o
LOAD ./Drivers/STM32C0xx_HAL_Driver/Src/stm32c0xx_hal_dma_ex.o
LOAD ./Drivers/STM32C0xx_HAL_Driver/Src/stm32c0xx_hal_exti.o
LOAD ./Drivers/STM32C0xx_HAL_Driver/Src/stm32c0xx_hal_flash.o
LOAD ./Drivers/STM32C0xx_HAL_Driver/Src/stm32c0xx_hal_flash_ex.o
LOAD ./Drivers/STM32C0xx_HAL_Driver/Src/stm32c0xx_hal_gpio.o
LOAD ./Drivers/STM32C0xx_HAL_Driver/Src/stm32c0xx_hal_i2c.o
LOAD ./Drivers/STM32C0xx_HAL_Driver/Src/stm32c0xx_hal_i2c_ex.o
LOAD ./Drivers/STM32C0xx_HAL_Driver/Src/stm32c0xx_hal_i2s.o
LOAD ./Drivers/STM32C0xx_HAL_Driver/Src/stm32c0xx_hal_irda.o
LOAD ./Drivers/STM32C0xx_HAL_Driver/Src/stm32c0xx_hal_iwdg.o
LOAD ./Drivers/STM32C0xx_HAL_Driver/Src/stm32c0xx_hal_pwr.o
LOAD ./Drivers/STM32C0xx_HAL_Driver/Src/stm32c0xx_hal_pwr_ex.o
LOAD ./Drivers/STM32C0xx_HAL_Driver/Src/stm32c0xx_hal_rcc.o
LOAD ./Drivers/STM32C0xx_HAL_Driver/Src/stm32c0xx_hal_rcc_ex.o
LOAD ./Drivers/STM32C0xx_HAL_Driver/Src/stm32c0xx_hal_rtc.o
LOAD ./Drivers/STM32C0xx_HAL_Driver/Src/stm32c0xx_hal_rtc_ex.o
LOAD ./Drivers/STM32C0xx_HAL_Driver/Src/stm32c0xx_hal_smartcard.o
LOAD ./Drivers/STM32C0xx_HAL_Driver/Src/stm32c0xx_hal_smartcard_ex.o
LOAD ./Drivers/STM32C0xx_HAL_Driver/Src/stm32c0xx_hal_smbus.o
LOAD ./Drivers/STM32C0xx_HAL_Driver/Src/stm32c0xx_hal_smbus_ex.o
LOAD ./Drivers/STM32C0xx_HAL_Driver/Src/stm32c0xx_hal_spi.o
LOAD ./Drivers/STM32C0xx_HAL_Driver/Src/stm32c0xx_hal_spi_ex.o
LOAD ./Drivers/STM32C0xx_HAL_Driver/Src/stm32c0xx_hal_tim.o
LOAD ./Drivers/STM32C0xx_HAL_Driver/Src/stm32c0xx_hal_tim_ex.o
LOAD ./Drivers/STM32C0xx_HAL_Driver/Src/stm32c0xx_hal_uart.o
LOAD ./Drivers/STM32C0xx_HAL_Driver/Src/stm32c0xx_hal_uart_ex.o
LOAD ./Drivers/STM32C0xx_HAL_Driver/Src/stm32c0xx_hal_usart.o
LOAD ./Drivers/STM32C0xx_HAL_Driver/Src/stm32c0xx_hal_usart_ex.o
LOAD ./Drivers/STM32C0xx_HAL_Driver/Src/stm32c0xx_hal_wwdg.o
LOAD ./Drivers/STM32C0xx_HAL_Driver/Src/stm32c0xx_ll_adc.o
LOAD ./Drivers/STM32C0xx_HAL_Driver/Src/stm32c0xx_ll_crc.o
LOAD ./Drivers/STM32C0xx_HAL_Driver/Src/stm32c0xx_ll_dma.o
LOAD ./Drivers/STM32C0xx_HAL_Driver/Src/stm32c0xx_ll_exti.o
LOAD ./Drivers/STM32C0xx_HAL_Driver/Src/stm32c0xx_ll_gpio.o
LOAD ./Drivers/STM32C0xx_HAL_Driver/Src/stm32c0xx_ll_i2c.o
LOAD ./Drivers/STM32C0xx_HAL_Driver/Src/stm32c0xx_ll_pwr.o
LOAD ./Drivers/STM32C0xx_HAL_Driver/Src/stm32c0xx_ll_rcc.o
LOAD ./Drivers/STM32C0xx_HAL_Driver/Src/stm32c0xx_ll_rtc.o
LOAD ./Drivers/STM32C0xx_HAL_Driver/Src/stm32c0xx_ll_spi.o
LOAD ./Drivers/STM32C0xx_HAL_Driver/Src/stm32c0xx_ll_tim.o
LOAD ./Drivers/STM32C0xx_HAL_Driver/Src/stm32c0xx_ll_usart.o
LOAD ./Drivers/STM32C0xx_HAL_Driver/Src/stm32c0xx_ll_utils.o
LOAD ./Modules/Utils/FPROM/FPROM.o
LOAD ./STM32X/Lib/ADC.o
LOAD ./STM32X/Lib/CAN.o
LOAD ./STM32X/Lib/CLK.o
LOAD ./STM32X/Lib/COMP.o
LOAD ./STM32X/Lib/CRC.o
LOAD ./STM32X/Lib/Core.o
LOAD ./STM32X/Lib/EEPROM.o
LOAD ./STM32X/Lib/FLASH.o
LOAD ./STM32X/Lib/GPIO.o
LOAD ./STM32X/Lib/I2C.o
LOAD ./STM32X/Lib/RNG.o
LOAD ./STM32X/Lib/SPI.o
LOAD ./STM32X/Lib/SUBGHZ.o
LOAD ./STM32X/Lib/TIM.o
LOAD ./STM32X/Lib/TSC.o
LOAD ./STM32X/Lib/UART.o
LOAD ./STM32X/Lib/US.o
LOAD ./STM32X/Lib/USB.o
LOAD ./STM32X/Lib/WDG.o
LOAD ./STM32X/Lib/syscalls.o
START GROUP
LOAD /Applications/STM32CubeIDE.app/Contents/Eclipse/plugins/com.st.stm32cube.ide.mcu.externaltools.gnu-tools-for-stm32.12.3.rel1.macos64_1.0.100.202403111906/tools/bin/../lib/gcc/arm-none-eabi/12.3.1/../../../../arm-none-eabi/lib/thumb/v6-m/nofp/libc_nano.a
LOAD /Applications/STM32CubeIDE.app/Contents/Eclipse/plugins/com.st.stm32cube.ide.mcu.externaltools.gnu-tools-for-stm32.12.3.rel1.macos64_1.0.100.202403111906/tools/bin/../lib/gcc/arm-none-eabi/12.3.1/../../../../arm-none-eabi/lib/thumb/v6-m/nofp/libm.a
END GROUP
START GROUP
LOAD /Applications/STM32CubeIDE.app/Contents/Eclipse/plugins/com.st.stm32cube.ide.mcu.externaltools.gnu-tools-for-stm32.12.3.rel1.macos64_1.0.100.202403111906/tools/bin/../lib/gcc/arm-none-eabi/12.3.1/thumb/v6-m/nofp/libgcc.a
LOAD /Applications/STM32CubeIDE.app/Contents/Eclipse/plugins/com.st.stm32cube.ide.mcu.externaltools.gnu-tools-for-stm32.12.3.rel1.macos64_1.0.100.202403111906/tools/bin/../lib/gcc/arm-none-eabi/12.3.1/../../../../arm-none-eabi/lib/thumb/v6-m/nofp/libc_nano.a
END GROUP
START GROUP
LOAD /Applications/STM32CubeIDE.app/Contents/Eclipse/plugins/com.st.stm32cube.ide.mcu.externaltools.gnu-tools-for-stm32.12.3.rel1.macos64_1.0.100.202403111906/tools/bin/../lib/gcc/arm-none-eabi/12.3.1/thumb/v6-m/nofp/libgcc.a
LOAD /Applications/STM32CubeIDE.app/Contents/Eclipse/plugins/com.st.stm32cube.ide.mcu.externaltools.gnu-tools-for-stm32.12.3.rel1.macos64_1.0.100.202403111906/tools/bin/../lib/gcc/arm-none-eabi/12.3.1/../../../../arm-none-eabi/lib/thumb/v6-m/nofp/libc_nano.a
LOAD /Applications/STM32CubeIDE.app/Contents/Eclipse/plugins/com.st.stm32cube.ide.mcu.externaltools.gnu-tools-for-stm32.12.3.rel1.macos64_1.0.100.202403111906/tools/bin/../lib/gcc/arm-none-eabi/12.3.1/../../../../arm-none-eabi/lib/thumb/v6-m/nofp/libnosys.a
END GROUP
START GROUP
LOAD /Applications/STM32CubeIDE.app/Contents/Eclipse/plugins/com.st.stm32cube.ide.mcu.externaltools.gnu-tools-for-stm32.12.3.rel1.macos64_1.0.100.202403111906/tools/bin/../lib/gcc/arm-none-eabi/12.3.1/thumb/v6-m/nofp/libgcc.a
LOAD /Applications/STM32CubeIDE.app/Contents/Eclipse/plugins/com.st.stm32cube.ide.mcu.externaltools.gnu-tools-for-stm32.12.3.rel1.macos64_1.0.100.202403111906/tools/bin/../lib/gcc/arm-none-eabi/12.3.1/../../../../arm-none-eabi/lib/thumb/v6-m/nofp/libc_nano.a
LOAD /Applications/STM32CubeIDE.app/Contents/Eclipse/plugins/com.st.stm32cube.ide.mcu.externaltools.gnu-tools-for-stm32.12.3.rel1.macos64_1.0.100.202403111906/tools/bin/../lib/gcc/arm-none-eabi/12.3.1/../../../../arm-none-eabi/lib/thumb/v6-m/nofp/libnosys.a
END GROUP
LOAD /Applications/STM32CubeIDE.app/Contents/Eclipse/plugins/com.st.stm32cube.ide.mcu.externaltools.gnu-tools-for-stm32.12.3.rel1.macos64_1.0.100.202403111906/tools/bin/../lib/gcc/arm-none-eabi/12.3.1/thumb/v6-m/nofp/crtend.o
LOAD /Applications/STM32CubeIDE.app/Contents/Eclipse/plugins/com.st.stm32cube.ide.mcu.externaltools.gnu-tools-for-stm32.12.3.rel1.macos64_1.0.100.202403111906/tools/bin/../lib/gcc/arm-none-eabi/12.3.1/thumb/v6-m/nofp/crtn.o
                0x20003000                        _estack = (ORIGIN (RAM) + LENGTH (RAM))
                0x00000200                        _Min_Heap_Size = 0x200
                0x00000400                        _Min_Stack_Size = 0x400

.isr_vector     0x08000000       0xc0
                0x08000000                        . = ALIGN (0x4)
 *(.isr_vector)
 .isr_vector    0x08000000       0xc0 ./Core/Startup/startup_stm32c031k6tx.o
                0x08000000                g_pfnVectors
                0x080000c0                        . = ALIGN (0x4)

.text           0x080000c0     0x4f90
                0x080000c0                        . = ALIGN (0x4)
 *(.text)
 .text          0x080000c0       0x48 /Applications/STM32CubeIDE.app/Contents/Eclipse/plugins/com.st.stm32cube.ide.mcu.externaltools.gnu-tools-for-stm32.12.3.rel1.macos64_1.0.100.202403111906/tools/bin/../lib/gcc/arm-none-eabi/12.3.1/thumb/v6-m/nofp/crtbegin.o
 .text          0x08000108      0x114 /Applications/STM32CubeIDE.app/Contents/Eclipse/plugins/com.st.stm32cube.ide.mcu.externaltools.gnu-tools-for-stm32.12.3.rel1.macos64_1.0.100.202403111906/tools/bin/../lib/gcc/arm-none-eabi/12.3.1/thumb/v6-m/nofp/libgcc.a(_udivsi3.o)
                0x08000108                __udivsi3
                0x08000108                __aeabi_uidiv
                0x08000214                __aeabi_uidivmod
 .text          0x0800021c      0x1d4 /Applications/STM32CubeIDE.app/Contents/Eclipse/plugins/com.st.stm32cube.ide.mcu.externaltools.gnu-tools-for-stm32.12.3.rel1.macos64_1.0.100.202403111906/tools/bin/../lib/gcc/arm-none-eabi/12.3.1/thumb/v6-m/nofp/libgcc.a(_divsi3.o)
                0x0800021c                __aeabi_idiv
                0x0800021c                __divsi3
                0x080003e8                __aeabi_idivmod
 .text          0x080003f0        0x4 /Applications/STM32CubeIDE.app/Contents/Eclipse/plugins/com.st.stm32cube.ide.mcu.externaltools.gnu-tools-for-stm32.12.3.rel1.macos64_1.0.100.202403111906/tools/bin/../lib/gcc/arm-none-eabi/12.3.1/thumb/v6-m/nofp/libgcc.a(_dvmd_tls.o)
                0x080003f0                __aeabi_ldiv0
                0x080003f0                __aeabi_idiv0
 .text          0x080003f4       0x14 /Applications/STM32CubeIDE.app/Contents/Eclipse/plugins/com.st.stm32cube.ide.mcu.externaltools.gnu-tools-for-stm32.12.3.rel1.macos64_1.0.100.202403111906/tools/bin/../lib/gcc/arm-none-eabi/12.3.1/thumb/v6-m/nofp/libgcc.a(_ffssi2.o)
                0x080003f4                __ffssi2
 .text          0x08000408      0x6c8 /Applications/STM32CubeIDE.app/Contents/Eclipse/plugins/com.st.stm32cube.ide.mcu.externaltools.gnu-tools-for-stm32.12.3.rel1.macos64_1.0.100.202403111906/tools/bin/../lib/gcc/arm-none-eabi/12.3.1/thumb/v6-m/nofp/libgcc.a(adddf3.o)
                0x08000408                __aeabi_dadd
 .text          0x08000ad0      0x634 /Applications/STM32CubeIDE.app/Contents/Eclipse/plugins/com.st.stm32cube.ide.mcu.externaltools.gnu-tools-for-stm32.12.3.rel1.macos64_1.0.100.202403111906/tools/bin/../lib/gcc/arm-none-eabi/12.3.1/thumb/v6-m/nofp/libgcc.a(divdf3.o)
                0x08000ad0                __aeabi_ddiv
 .text          0x08001104       0x78 /Applications/STM32CubeIDE.app/Contents/Eclipse/plugins/com.st.stm32cube.ide.mcu.externaltools.gnu-tools-for-stm32.12.3.rel1.macos64_1.0.100.202403111906/tools/bin/../lib/gcc/arm-none-eabi/12.3.1/thumb/v6-m/nofp/libgcc.a(fixdfsi.o)
                0x08001104                __aeabi_d2iz
 .text          0x0800117c       0x5c /Applications/STM32CubeIDE.app/Contents/Eclipse/plugins/com.st.stm32cube.ide.mcu.externaltools.gnu-tools-for-stm32.12.3.rel1.macos64_1.0.100.202403111906/tools/bin/../lib/gcc/arm-none-eabi/12.3.1/thumb/v6-m/nofp/libgcc.a(floatsidf.o)
                0x0800117c                __aeabi_i2d
 .text          0x080011d8       0x3c /Applications/STM32CubeIDE.app/Contents/Eclipse/plugins/com.st.stm32cube.ide.mcu.externaltools.gnu-tools-for-stm32.12.3.rel1.macos64_1.0.100.202403111906/tools/bin/../lib/gcc/arm-none-eabi/12.3.1/thumb/v6-m/nofp/libgcc.a(_clzsi2.o)
                0x080011d8                __clzsi2
 .text          0x08001214       0x40 /Applications/STM32CubeIDE.app/Contents/Eclipse/plugins/com.st.stm32cube.ide.mcu.externaltools.gnu-tools-for-stm32.12.3.rel1.macos64_1.0.100.202403111906/tools/bin/../lib/gcc/arm-none-eabi/12.3.1/thumb/v6-m/nofp/libgcc.a(_ctzsi2.o)
                0x08001214                __ctzsi2
 *(.text*)
 .text.CORE_GetTick
                0x08001254       0x14 ./Core/Src/Battery.o
 .text.BATT_Init
                0x08001268       0xf0 ./Core/Src/Battery.o
                0x08001268                BATT_Init
 .text.BATT_Update
                0x08001358      0x100 ./Core/Src/Battery.o
                0x08001358                BATT_Update
 .text.BATT_inFaultState
                0x08001458       0x14 ./Core/Src/Battery.o
                0x08001458                BATT_inFaultState
 .text.BATT_calcStartup
                0x0800146c       0x70 ./Core/Src/Battery.o
 .text.BATT_calc
                0x080014dc       0x88 ./Core/Src/Battery.o
 .text.GPIO_EnableOutput
                0x08001564       0x2e ./Core/Src/LED.o
 *fill*         0x08001592        0x2 
 .text.CORE_GetTick
                0x08001594       0x14 ./Core/Src/LED.o
 .text.LED_Init
                0x080015a8       0x20 ./Core/Src/LED.o
                0x080015a8                LED_Init
 .text.LED_Update
                0x080015c8      0x11c ./Core/Src/LED.o
                0x080015c8                LED_Update
 .text.LED_pulseOutputs
                0x080016e4       0x62 ./Core/Src/LED.o
                0x080016e4                LED_pulseOutputs
 .text.LED_calibUpdate
                0x08001746       0x2e ./Core/Src/LED.o
                0x08001746                LED_calibUpdate
 .text.LED_updateOutput_M1
                0x08001774       0x2a ./Core/Src/LED.o
                0x08001774                LED_updateOutput_M1
 *fill*         0x0800179e        0x2 
 .text.LED_updateOutput_M2
                0x080017a0       0x34 ./Core/Src/LED.o
                0x080017a0                LED_updateOutput_M2
 .text.GPIO_EnableInput
                0x080017d4       0x26 ./Core/Src/Motor.o
 .text.GPIO_EnableOutput
                0x080017fa       0x2e ./Core/Src/Motor.o
 .text.MOTOR_Init
                0x08001828      0x374 ./Core/Src/Motor.o
                0x08001828                MOTOR_Init
 .text.MOTOR_Update
                0x08001b9c      0x190 ./Core/Src/Motor.o
                0x08001b9c                MOTOR_Update
 .text.MOTOR_getConfig
                0x08001d2c       0x1c ./Core/Src/Motor.o
                0x08001d2c                MOTOR_getConfig
 .text.MOTOR_M1_isActive
                0x08001d48       0x18 ./Core/Src/Motor.o
                0x08001d48                MOTOR_M1_isActive
 .text.MOTOR_M2_isActive
                0x08001d60       0x18 ./Core/Src/Motor.o
                0x08001d60                MOTOR_M2_isActive
 .text.MOTOR_calibASSERT
                0x08001d78        0xe ./Core/Src/Motor.o
                0x08001d78                MOTOR_calibASSERT
 .text.MOTOR_calibRELEASE
                0x08001d86        0xe ./Core/Src/Motor.o
                0x08001d86                MOTOR_calibRELEASE
 .text.MOTOR_calibOFF
                0x08001d94       0x48 ./Core/Src/Motor.o
                0x08001d94                MOTOR_calibOFF
 .text.MOTOR_calibTwitchFWD
                0x08001ddc       0x8c ./Core/Src/Motor.o
                0x08001ddc                MOTOR_calibTwitchFWD
 .text.MOTOR_calibTwitchLEFT
                0x08001e68       0x8c ./Core/Src/Motor.o
                0x08001e68                MOTOR_calibTwitchLEFT
 .text.MOTOR_ReverseRadio
                0x08001ef4       0x1c ./Core/Src/Motor.o
 .text.MOTOR_Truncate
                0x08001f10       0x60 ./Core/Src/Motor.o
 .text.MOTOR_Process
                0x08001f70      0x188 ./Core/Src/Motor.o
 .text.MOTOR_ReloadM1_ISR
                0x080020f8       0xa0 ./Core/Src/Motor.o
                0x080020f8                MOTOR_ReloadM1_ISR
 .text.MOTOR_PulseM1_ISR
                0x08002198       0xa4 ./Core/Src/Motor.o
                0x08002198                MOTOR_PulseM1_ISR
 .text.MOTOR_ReloadM2_ISR
                0x0800223c       0xa0 ./Core/Src/Motor.o
                0x0800223c                MOTOR_ReloadM2_ISR
 .text.MOTOR_PulseM2_ISR
                0x080022dc       0xa4 ./Core/Src/Motor.o
                0x080022dc                MOTOR_PulseM2_ISR
 .text.CORE_GetTick
                0x08002380       0x14 ./Core/Src/Radio.o
 .text.GPIO_EnableInput
                0x08002394       0x26 ./Core/Src/Radio.o
 .text.TIM_Read
                0x080023ba       0x16 ./Core/Src/Radio.o
 .text.RADIO_Init
                0x080023d0      0x10c ./Core/Src/Radio.o
                0x080023d0                RADIO_Init
 .text.RADIO_Update
                0x080024dc      0x160 ./Core/Src/Radio.o
                0x080024dc                RADIO_Update
 .text.RADIO_getDataPtr
                0x0800263c       0x10 ./Core/Src/Radio.o
                0x0800263c                RADIO_getDataPtr
 .text.RADIO_inFaultStateANY
                0x0800264c       0x30 ./Core/Src/Radio.o
                0x0800264c                RADIO_inFaultStateANY
 .text.RADIO_inFaultStateCH1
                0x0800267c       0x38 ./Core/Src/Radio.o
                0x0800267c                RADIO_inFaultStateCH1
 .text.RADIO_inFaultStateCH2
                0x080026b4       0x38 ./Core/Src/Radio.o
                0x080026b4                RADIO_inFaultStateCH2
 .text.RADIO_inFaultStateCH3
                0x080026ec       0x38 ./Core/Src/Radio.o
                0x080026ec                RADIO_inFaultStateCH3
 .text.RADIO_inFaultStateCH4
                0x08002724       0x38 ./Core/Src/Radio.o
                0x08002724                RADIO_inFaultStateCH4
 .text.RADIO_truncate
                0x0800275c       0x80 ./Core/Src/Radio.o
                0x0800275c                RADIO_truncate
 .text.RADIO_processChannel
                0x080027dc       0x94 ./Core/Src/Radio.o
                0x080027dc                RADIO_processChannel
 .text.RADIO_CH1_IRQ
                0x08002870       0xb8 ./Core/Src/Radio.o
 .text.RADIO_CH2_IRQ
                0x08002928       0xc0 ./Core/Src/Radio.o
 .text.RADIO_CH3_IRQ
                0x080029e8       0xc0 ./Core/Src/Radio.o
 .text.RADIO_CH4_IRQ
                0x08002aa8       0xc0 ./Core/Src/Radio.o
 .text.GPIO_EnableOutput
                0x08002b68       0x2e ./Core/Src/Servo.o
 *fill*         0x08002b96        0x2 
 .text.SERVO_Init
                0x08002b98       0xdc ./Core/Src/Servo.o
                0x08002b98                SERVO_Init
 .text.SERVO_Deinit
                0x08002c74       0x58 ./Core/Src/Servo.o
                0x08002c74                SERVO_Deinit
 .text.SERVO_Update
                0x08002ccc      0x100 ./Core/Src/Servo.o
                0x08002ccc                SERVO_Update
 .text.SERVO_getConfig
                0x08002dcc       0x1c ./Core/Src/Servo.o
                0x08002dcc                SERVO_getConfig
 .text.SERVO_ReverseRadio
                0x08002de8       0x1c ./Core/Src/Servo.o
 .text.SERVO_S1_TimerReloadISR
                0x08002e04       0x18 ./Core/Src/Servo.o
 .text.SERVO_S1_TimerPulseISR
                0x08002e1c       0x18 ./Core/Src/Servo.o
 .text.SERVO_S2_TimerReloadISR
                0x08002e34       0x18 ./Core/Src/Servo.o
 .text.SERVO_S2_TimerPulseISR
                0x08002e4c       0x18 ./Core/Src/Servo.o
 .text.CORE_GetTick
                0x08002e64       0x14 ./Core/Src/Temperature.o
 .text.TEMP_Init
                0x08002e78       0x30 ./Core/Src/Temperature.o
                0x08002e78                TEMP_Init
 .text.TEMP_Update
                0x08002ea8       0xec ./Core/Src/Temperature.o
                0x08002ea8                TEMP_Update
 .text.TEMP_inFaultState
                0x08002f94       0x14 ./Core/Src/Temperature.o
                0x08002f94                TEMP_inFaultState
 .text.TEMP_calcStartup
                0x08002fa8       0x5c ./Core/Src/Temperature.o
 .text.TEMP_calc
                0x08003004       0x80 ./Core/Src/Temperature.o
 .text.CORE_GetTick
                0x08003084       0x14 ./Core/Src/main.o
 .text.main     0x08003098       0x84 ./Core/Src/main.o
                0x08003098                main
 .text.SYSTEM_Init
                0x0800311c       0xa4 ./Core/Src/main.o
 .text.SYSTEM_Update
                0x080031c0       0x40 ./Core/Src/main.o
 .text.SYSTEM_initiateCalibration
                0x08003200       0xdc ./Core/Src/main.o
 .text.SYSTEM_runCalibration
                0x080032dc      0x128 ./Core/Src/main.o
 .text.SYSTEM_calibrationMotor_Same
                0x08003404      0x140 ./Core/Src/main.o
 .text.SYSTEM_calibrationMotor_Opposite
                0x08003544      0x1a0 ./Core/Src/main.o
 .text.SYSTEM_calibrationServoS1
                0x080036e4       0xc0 ./Core/Src/main.o
 .text.SYSTEM_calibrationServoS2
                0x080037a4       0xc4 ./Core/Src/main.o
 .text.SYSTEM_wait_ActiveInput
                0x08003868       0x1e ./Core/Src/main.o
 .text.SYSTEM_wait_ResetInputs
                0x08003886       0x1e ./Core/Src/main.o
 .text.SYSTEM_count_ActiveInputs
                0x080038a4       0x58 ./Core/Src/main.o
 .text.SystemInit
                0x080038fc       0x18 ./Core/Src/system_stm32c0xx.o
                0x080038fc                SystemInit
 .text.Reset_Handler
                0x08003914       0x50 ./Core/Startup/startup_stm32c031k6tx.o
                0x08003914                Reset_Handler
 .text.Default_Handler
                0x08003964        0x2 ./Core/Startup/startup_stm32c031k6tx.o
                0x08003964                USART1_IRQHandler
                0x08003964                PendSV_Handler
                0x08003964                NMI_Handler
                0x08003964                I2C1_IRQHandler
                0x08003964                DMAMUX1_IRQHandler
                0x08003964                SPI1_IRQHandler
                0x08003964                EXTI2_3_IRQHandler
                0x08003964                ADC1_IRQHandler
                0x08003964                RTC_IRQHandler
                0x08003964                RCC_IRQHandler
                0x08003964                DMA1_Channel1_IRQHandler
                0x08003964                Default_Handler
                0x08003964                EXTI0_1_IRQHandler
                0x08003964                SVC_Handler
                0x08003964                WWDG_IRQHandler
                0x08003964                DMA1_Channel2_3_IRQHandler
                0x08003964                USART2_IRQHandler
                0x08003964                FLASH_IRQHandler
                0x08003964                HardFault_Handler
 *fill*         0x08003966        0x2 
 .text.__NVIC_EnableIRQ
                0x08003968       0x34 ./Drivers/STM32C0xx_HAL_Driver/Src/stm32c0xx_hal_cortex.o
 .text.__NVIC_DisableIRQ
                0x0800399c       0x44 ./Drivers/STM32C0xx_HAL_Driver/Src/stm32c0xx_hal_cortex.o
 .text.__NVIC_SetPriority
                0x080039e0       0xdc ./Drivers/STM32C0xx_HAL_Driver/Src/stm32c0xx_hal_cortex.o
 .text.SysTick_Config
                0x08003abc       0x48 ./Drivers/STM32C0xx_HAL_Driver/Src/stm32c0xx_hal_cortex.o
 .text.HAL_NVIC_SetPriority
                0x08003b04       0x2a ./Drivers/STM32C0xx_HAL_Driver/Src/stm32c0xx_hal_cortex.o
                0x08003b04                HAL_NVIC_SetPriority
 .text.HAL_NVIC_EnableIRQ
                0x08003b2e       0x20 ./Drivers/STM32C0xx_HAL_Driver/Src/stm32c0xx_hal_cortex.o
                0x08003b2e                HAL_NVIC_EnableIRQ
 .text.HAL_NVIC_DisableIRQ
                0x08003b4e       0x20 ./Drivers/STM32C0xx_HAL_Driver/Src/stm32c0xx_hal_cortex.o
                0x08003b4e                HAL_NVIC_DisableIRQ
 .text.HAL_SYSTICK_Config
                0x08003b6e       0x1a ./Drivers/STM32C0xx_HAL_Driver/Src/stm32c0xx_hal_cortex.o
                0x08003b6e                HAL_SYSTICK_Config
 .text.FPROM_Read
                0x08003b88       0x3a ./Modules/Utils/FPROM/FPROM.o
                0x08003b88                FPROM_Read
 *fill*         0x08003bc2        0x2 
 .text.FPROM_Write
                0x08003bc4       0x84 ./Modules/Utils/FPROM/FPROM.o
                0x08003bc4                FPROM_Write
 .text.ADC_Init
                0x08003c48       0x8c ./STM32X/Lib/ADC.o
                0x08003c48                ADC_Init
 .text.ADC_Read
                0x08003cd4       0x4c ./STM32X/Lib/ADC.o
                0x08003cd4                ADC_Read
 .text.AIN_AinToDivider
                0x08003d20       0x30 ./STM32X/Lib/ADC.o
                0x08003d20                AIN_AinToDivider
 .text.AIN_AinToMv
                0x08003d50       0x28 ./STM32X/Lib/ADC.o
                0x08003d50                AIN_AinToMv
 .text.ADC_ReadDieTemp
                0x08003d78       0xa4 ./STM32X/Lib/ADC.o
                0x08003d78                ADC_ReadDieTemp
 .text.ADC_WaitForFlag
                0x08003e1c       0x28 ./STM32X/Lib/ADC.o
 .text.ADC_Calibrate
                0x08003e44       0x28 ./STM32X/Lib/ADC.o
 .text.CLK_InitSYSCLK
                0x08003e6c       0x90 ./STM32X/Lib/CLK.o
                0x08003e6c                CLK_InitSYSCLK
 .text.CLK_EnableADCCLK
                0x08003efc        0xa ./STM32X/Lib/CLK.o
                0x08003efc                CLK_EnableADCCLK
 *fill*         0x08003f06        0x2 
 .text.CORE_GetTick
                0x08003f08       0x14 ./STM32X/Lib/Core.o
 .text.GPIO_Deinit
                0x08003f1c       0x1a ./STM32X/Lib/Core.o
 *fill*         0x08003f36        0x2 
 .text.CLK_GetHCLKFreq
                0x08003f38       0x10 ./STM32X/Lib/Core.o
 .text.CORE_Init
                0x08003f48       0x54 ./STM32X/Lib/Core.o
                0x08003f48                CORE_Init
 .text.CORE_Idle
                0x08003f9c        0xc ./STM32X/Lib/Core.o
                0x08003f9c                CORE_Idle
 .text.CORE_Delay
                0x08003fa8       0x36 ./STM32X/Lib/Core.o
                0x08003fa8                CORE_Delay
 .text.CORE_InitSysTick
                0x08003fde       0x30 ./STM32X/Lib/Core.o
 *fill*         0x0800400e        0x2 
 .text.CORE_InitGPIO
                0x08004010       0xa4 ./STM32X/Lib/Core.o
 .text.SysTick_Handler
                0x080040b4       0x2c ./STM32X/Lib/Core.o
                0x080040b4                SysTick_Handler
 .text.FLASH_GetPageCount
                0x080040e0       0x3c ./STM32X/Lib/FLASH.o
                0x080040e0                FLASH_GetPageCount
 .text.FLASH_GetPage
                0x0800411c       0x1c ./STM32X/Lib/FLASH.o
                0x0800411c                FLASH_GetPage
 .text.FLASH_Erase
                0x08004138       0x88 ./STM32X/Lib/FLASH.o
                0x08004138                FLASH_Erase
 .text.FLASH_Write
                0x080041c0       0x84 ./STM32X/Lib/FLASH.o
                0x080041c0                FLASH_Write
 .text.FLASH_Unlock
                0x08004244       0x40 ./STM32X/Lib/FLASH.o
 .text.FLASH_Lock
                0x08004284       0x1c ./STM32X/Lib/FLASH.o
 .text.GPIO_Write
                0x080042a0       0x30 ./STM32X/Lib/GPIO.o
                0x080042a0                GPIO_Write
 .text.GPIO_EnableAlternate
                0x080042d0       0x40 ./STM32X/Lib/GPIO.o
                0x080042d0                GPIO_EnableAlternate
 .text.GPIO_OnChange
                0x08004310       0x50 ./STM32X/Lib/GPIO.o
                0x08004310                GPIO_OnChange
 .text.GPIO_Init
                0x08004360       0xf2 ./STM32X/Lib/GPIO.o
                0x08004360                GPIO_Init
 .text.GPIO_Set
                0x08004452       0x22 ./STM32X/Lib/GPIO.o
                0x08004452                GPIO_Set
 .text.GPIO_Reset
                0x08004474       0x22 ./STM32X/Lib/GPIO.o
                0x08004474                GPIO_Reset
 .text.GPIO_Read
                0x08004496       0x2a ./STM32X/Lib/GPIO.o
                0x08004496                GPIO_Read
 .text.GPIO_GetPort
                0x080044c0       0x22 ./STM32X/Lib/GPIO.o
 .text.GPIO_ConfigAlternate
                0x080044e2       0x82 ./STM32X/Lib/GPIO.o
 .text.GPIO_ConfigInterrupt
                0x08004564       0xec ./STM32X/Lib/GPIO.o
 .text.GPIO_SWARBitDouble
                0x08004650       0x78 ./STM32X/Lib/GPIO.o
 .text.EXTIx_IRQHandler
                0x080046c8       0x60 ./STM32X/Lib/GPIO.o
 .text.EXTIx_EnableIRQn
                0x08004728       0x32 ./STM32X/Lib/GPIO.o
 .text.EXTI4_15_IRQHandler
                0x0800475a       0x22 ./STM32X/Lib/GPIO.o
                0x0800475a                EXTI4_15_IRQHandler
 .text.CLK_GetPCLKFreq
                0x0800477c       0x10 ./STM32X/Lib/SPI.o
 .text.SPI_Init
                0x0800478c       0x90 ./STM32X/Lib/SPI.o
                0x0800478c                SPI_Init
 .text.SPI_Write
                0x0800481c       0x6e ./STM32X/Lib/SPI.o
                0x0800481c                SPI_Write
 .text.SPI_SelectPrescalar
                0x0800488a       0x4e ./STM32X/Lib/SPI.o
 .text.SPIx_Init
                0x080048d8       0x4c ./STM32X/Lib/SPI.o
 .text.CLK_GetPCLKFreq
                0x08004924       0x10 ./STM32X/Lib/TIM.o
 .text.TIM_Init
                0x08004934       0x58 ./STM32X/Lib/TIM.o
                0x08004934                TIM_Init
 .text.TIM_SetFreq
                0x0800498c       0x2e ./STM32X/Lib/TIM.o
                0x0800498c                TIM_SetFreq
 .text.TIM_SetReload
                0x080049ba       0x1a ./STM32X/Lib/TIM.o
                0x080049ba                TIM_SetReload
 .text.TIM_OnReload
                0x080049d4       0x28 ./STM32X/Lib/TIM.o
                0x080049d4                TIM_OnReload
 .text.TIM_OnPulse
                0x080049fc       0x4e ./STM32X/Lib/TIM.o
                0x080049fc                TIM_OnPulse
 .text.TIM_SetPulse
                0x08004a4a       0x5c ./STM32X/Lib/TIM.o
                0x08004a4a                TIM_SetPulse
 .text.TIM_Start
                0x08004aa6       0x28 ./STM32X/Lib/TIM.o
                0x08004aa6                TIM_Start
 *fill*         0x08004ace        0x2 
 .text.TIM_Stop
                0x08004ad0       0x40 ./STM32X/Lib/TIM.o
                0x08004ad0                TIM_Stop
 .text.TIM_Deinit
                0x08004b10       0x58 ./STM32X/Lib/TIM.o
                0x08004b10                TIM_Deinit
 .text.TIM_EnableOCx
                0x08004b68      0x120 ./STM32X/Lib/TIM.o
 .text.TIM_Reload
                0x08004c88       0x3a ./STM32X/Lib/TIM.o
 *fill*         0x08004cc2        0x2 
 .text.TIMx_Init
                0x08004cc4       0xfc ./STM32X/Lib/TIM.o
 .text.TIMx_Deinit
                0x08004dc0       0xc0 ./STM32X/Lib/TIM.o
 .text.TIM_IRQHandler
                0x08004e80       0x98 ./STM32X/Lib/TIM.o
 .text.TIM1_BRK_UP_TRG_COM_IRQHandler
                0x08004f18       0x18 ./STM32X/Lib/TIM.o
                0x08004f18                TIM1_BRK_UP_TRG_COM_IRQHandler
 .text.TIM1_CC_IRQHandler
                0x08004f30       0x18 ./STM32X/Lib/TIM.o
                0x08004f30                TIM1_CC_IRQHandler
 .text.TIM3_IRQHandler
                0x08004f48       0x18 ./STM32X/Lib/TIM.o
                0x08004f48                TIM3_IRQHandler
 .text.TIM14_IRQHandler
                0x08004f60       0x18 ./STM32X/Lib/TIM.o
                0x08004f60                TIM14_IRQHandler
 .text.TIM16_IRQHandler
                0x08004f78       0x18 ./STM32X/Lib/TIM.o
                0x08004f78                TIM16_IRQHandler
 .text.TIM17_IRQHandler
                0x08004f90       0x18 ./STM32X/Lib/TIM.o
                0x08004f90                TIM17_IRQHandler
 .text.CLK_GetHCLKFreq
                0x08004fa8       0x10 ./STM32X/Lib/US.o
 .text.US_Delay
                0x08004fb8       0x24 ./STM32X/Lib/US.o
                0x08004fb8                US_Delay
 .text.__libc_init_array
                0x08004fdc       0x48 /Applications/STM32CubeIDE.app/Contents/Eclipse/plugins/com.st.stm32cube.ide.mcu.externaltools.gnu-tools-for-stm32.12.3.rel1.macos64_1.0.100.202403111906/tools/bin/../lib/gcc/arm-none-eabi/12.3.1/../../../../arm-none-eabi/lib/thumb/v6-m/nofp/libc_nano.a(libc_a-init.o)
                0x08004fdc                __libc_init_array
 .text.memcpy   0x08005024       0x12 /Applications/STM32CubeIDE.app/Contents/Eclipse/plugins/com.st.stm32cube.ide.mcu.externaltools.gnu-tools-for-stm32.12.3.rel1.macos64_1.0.100.202403111906/tools/bin/../lib/gcc/arm-none-eabi/12.3.1/../../../../arm-none-eabi/lib/thumb/v6-m/nofp/libc_nano.a(libc_a-memcpy-stub.o)
                0x08005024                memcpy
 *(.glue_7)
 .glue_7        0x08005036        0x0 linker stubs
 *(.glue_7t)
 .glue_7t       0x08005036        0x0 linker stubs
 *(.eh_frame)
 *fill*         0x08005036        0x2 
 .eh_frame      0x08005038        0x0 /Applications/STM32CubeIDE.app/Contents/Eclipse/plugins/com.st.stm32cube.ide.mcu.externaltools.gnu-tools-for-stm32.12.3.rel1.macos64_1.0.100.202403111906/tools/bin/../lib/gcc/arm-none-eabi/12.3.1/thumb/v6-m/nofp/crtbegin.o
 *(.init)
 .init          0x08005038        0x4 /Applications/STM32CubeIDE.app/Contents/Eclipse/plugins/com.st.stm32cube.ide.mcu.externaltools.gnu-tools-for-stm32.12.3.rel1.macos64_1.0.100.202403111906/tools/bin/../lib/gcc/arm-none-eabi/12.3.1/thumb/v6-m/nofp/crti.o
                0x08005038                _init
 .init          0x0800503c        0x8 /Applications/STM32CubeIDE.app/Contents/Eclipse/plugins/com.st.stm32cube.ide.mcu.externaltools.gnu-tools-for-stm32.12.3.rel1.macos64_1.0.100.202403111906/tools/bin/../lib/gcc/arm-none-eabi/12.3.1/thumb/v6-m/nofp/crtn.o
 *(.fini)
 .fini          0x08005044        0x4 /Applications/STM32CubeIDE.app/Contents/Eclipse/plugins/com.st.stm32cube.ide.mcu.externaltools.gnu-tools-for-stm32.12.3.rel1.macos64_1.0.100.202403111906/tools/bin/../lib/gcc/arm-none-eabi/12.3.1/thumb/v6-m/nofp/crti.o
                0x08005044                _fini
 .fini          0x08005048        0x8 /Applications/STM32CubeIDE.app/Contents/Eclipse/plugins/com.st.stm32cube.ide.mcu.externaltools.gnu-tools-for-stm32.12.3.rel1.macos64_1.0.100.202403111906/tools/bin/../lib/gcc/arm-none-eabi/12.3.1/thumb/v6-m/nofp/crtn.o
                0x08005050                        . = ALIGN (0x4)
                0x08005050                        _etext = .

.vfp11_veneer   0x08005050        0x0
 .vfp11_veneer  0x08005050        0x0 linker stubs

.v4_bx          0x08005050        0x0
 .v4_bx         0x08005050        0x0 linker stubs

.iplt           0x08005050        0x0
 .iplt          0x08005050        0x0 /Applications/STM32CubeIDE.app/Contents/Eclipse/plugins/com.st.stm32cube.ide.mcu.externaltools.gnu-tools-for-stm32.12.3.rel1.macos64_1.0.100.202403111906/tools/bin/../lib/gcc/arm-none-eabi/12.3.1/thumb/v6-m/nofp/crtbegin.o

.rodata         0x08005050       0x58
                0x08005050                        . = ALIGN (0x4)
 *(.rodata)
 .rodata        0x08005050       0x40 /Applications/STM32CubeIDE.app/Contents/Eclipse/plugins/com.st.stm32cube.ide.mcu.externaltools.gnu-tools-for-stm32.12.3.rel1.macos64_1.0.100.202403111906/tools/bin/../lib/gcc/arm-none-eabi/12.3.1/thumb/v6-m/nofp/libgcc.a(divdf3.o)
 *(.rodata*)
 .rodata.SPI_1  0x08005090        0x4 ./STM32X/Lib/SPI.o
                0x08005090                SPI_1
 .rodata.TIM_1  0x08005094        0x4 ./STM32X/Lib/TIM.o
                0x08005094                TIM_1
 .rodata.TIM_3  0x08005098        0x4 ./STM32X/Lib/TIM.o
                0x08005098                TIM_3
 .rodata.TIM_14
                0x0800509c        0x4 ./STM32X/Lib/TIM.o
                0x0800509c                TIM_14
 .rodata.TIM_16
                0x080050a0        0x4 ./STM32X/Lib/TIM.o
                0x080050a0                TIM_16
 .rodata.TIM_17
                0x080050a4        0x4 ./STM32X/Lib/TIM.o
                0x080050a4                TIM_17
                0x080050a8                        . = ALIGN (0x4)

.ARM.extab      0x080050a8        0x0
                0x080050a8                        . = ALIGN (0x4)
 *(.ARM.extab* .gnu.linkonce.armextab.*)
                0x080050a8                        . = ALIGN (0x4)

.ARM            0x080050a8        0x0
                0x080050a8                        . = ALIGN (0x4)
                0x080050a8                        __exidx_start = .
 *(.ARM.exidx*)
                0x080050a8                        __exidx_end = .
                0x080050a8                        . = ALIGN (0x4)

.preinit_array  0x080050a8        0x0
                0x080050a8                        . = ALIGN (0x4)
                0x080050a8                        PROVIDE (__preinit_array_start = .)
 *(.preinit_array*)
                0x080050a8                        PROVIDE (__preinit_array_end = .)
                0x080050a8                        . = ALIGN (0x4)

.init_array     0x080050a8        0x4
                0x080050a8                        . = ALIGN (0x4)
                0x080050a8                        PROVIDE (__init_array_start = .)
 *(SORT_BY_NAME(.init_array.*))
 *(.init_array*)
 .init_array    0x080050a8        0x4 /Applications/STM32CubeIDE.app/Contents/Eclipse/plugins/com.st.stm32cube.ide.mcu.externaltools.gnu-tools-for-stm32.12.3.rel1.macos64_1.0.100.202403111906/tools/bin/../lib/gcc/arm-none-eabi/12.3.1/thumb/v6-m/nofp/crtbegin.o
                0x080050ac                        PROVIDE (__init_array_end = .)
                0x080050ac                        . = ALIGN (0x4)

.fini_array     0x080050ac        0x4
                0x080050ac                        . = ALIGN (0x4)
                [!provide]                        PROVIDE (__fini_array_start = .)
 *(SORT_BY_NAME(.fini_array.*))
 *(.fini_array*)
 .fini_array    0x080050ac        0x4 /Applications/STM32CubeIDE.app/Contents/Eclipse/plugins/com.st.stm32cube.ide.mcu.externaltools.gnu-tools-for-stm32.12.3.rel1.macos64_1.0.100.202403111906/tools/bin/../lib/gcc/arm-none-eabi/12.3.1/thumb/v6-m/nofp/crtbegin.o
                [!provide]                        PROVIDE (__fini_array_end = .)
                0x080050b0                        . = ALIGN (0x4)
                0x080050b0                        _sidata = LOADADDR (.data)

.rel.dyn        0x080050b0        0x0
 .rel.iplt      0x080050b0        0x0 /Applications/STM32CubeIDE.app/Contents/Eclipse/plugins/com.st.stm32cube.ide.mcu.externaltools.gnu-tools-for-stm32.12.3.rel1.macos64_1.0.100.202403111906/tools/bin/../lib/gcc/arm-none-eabi/12.3.1/thumb/v6-m/nofp/crtbegin.o

.data           0x20000000       0x98 load address 0x080050b0
                0x20000000                        . = ALIGN (0x4)
                0x20000000                        _sdata = .
 *(.data)
 *(.data*)
 .data.tx_resetFault
                0x20000000        0x2 ./Core/Src/Motor.o
 *fill*         0x20000002        0x2 
 .data.tx_driveOFF
                0x20000004        0x2 ./Core/Src/Motor.o
 *fill*         0x20000006        0x2 
 .data.tx_driveFWD
                0x20000008        0x2 ./Core/Src/Motor.o
 *fill*         0x2000000a        0x2 
 .data.tx_driveRVS
                0x2000000c        0x2 ./Core/Src/Motor.o
 .data.timeinCount.13
                0x2000000e        0x1 ./Core/Src/Radio.o
 .data.fault_p.0
                0x2000000f        0x1 ./Core/Src/Servo.o
 .data.calibrateWindow.2
                0x20000010        0x1 ./Core/Src/main.o
 *fill*         0x20000011        0x3 
 .data.gADC     0x20000014        0x4 ./STM32X/Lib/ADC.o
 .data.gSPI_1   0x20000018        0x8 ./STM32X/Lib/SPI.o
 .data.gTIM_1   0x20000020       0x18 ./STM32X/Lib/TIM.o
 .data.gTIM_3   0x20000038       0x18 ./STM32X/Lib/TIM.o
 .data.gTIM_14  0x20000050       0x18 ./STM32X/Lib/TIM.o
 .data.gTIM_16  0x20000068       0x18 ./STM32X/Lib/TIM.o
 .data.gTIM_17  0x20000080       0x18 ./STM32X/Lib/TIM.o
 *(.RamFunc)
 *(.RamFunc*)
                0x20000098                        . = ALIGN (0x4)
                0x20000098                        _edata = .

.igot.plt       0x20000098        0x0 load address 0x08005148
 .igot.plt      0x20000098        0x0 /Applications/STM32CubeIDE.app/Contents/Eclipse/plugins/com.st.stm32cube.ide.mcu.externaltools.gnu-tools-for-stm32.12.3.rel1.macos64_1.0.100.202403111906/tools/bin/../lib/gcc/arm-none-eabi/12.3.1/thumb/v6-m/nofp/crtbegin.o
                0x20000098                        . = ALIGN (0x4)

.bss            0x20000098      0x1d0 load address 0x08005148
                0x20000098                        _sbss = .
                0x20000098                        __bss_start__ = _sbss
 *(.bss)
 .bss           0x20000098       0x1c /Applications/STM32CubeIDE.app/Contents/Eclipse/plugins/com.st.stm32cube.ide.mcu.externaltools.gnu-tools-for-stm32.12.3.rel1.macos64_1.0.100.202403111906/tools/bin/../lib/gcc/arm-none-eabi/12.3.1/thumb/v6-m/nofp/crtbegin.o
 *(.bss*)
 .bss.faultVolt
                0x200000b4        0x1 ./Core/Src/Battery.o
 *fill*         0x200000b5        0x3 
 .bss.faultVolt_set
                0x200000b8        0x4 ./Core/Src/Battery.o
 .bss.faultVolt_reset
                0x200000bc        0x4 ./Core/Src/Battery.o
 .bss.battArray
                0x200000c0        0xc ./Core/Src/Battery.o
 .bss.battSum   0x200000cc        0x4 ./Core/Src/Battery.o
 .bss.intFault.3
                0x200000d0        0x1 ./Core/Src/Battery.o
 *fill*         0x200000d1        0x3 
 .bss.tick.2    0x200000d4        0x4 ./Core/Src/Battery.o
 .bss.setTick.1
                0x200000d8        0x1 ./Core/Src/Battery.o
 .bss.index.0   0x200000d9        0x1 ./Core/Src/Battery.o
 *fill*         0x200000da        0x2 
 .bss.tick.0    0x200000dc        0x4 ./Core/Src/LED.o
 .bss.config    0x200000e0       0x2c ./Core/Src/Motor.o
 .bss.dataPtr   0x2000010c        0x4 ./Core/Src/Motor.o
 .bss.M1        0x20000110        0xc ./Core/Src/Motor.o
 .bss.M2        0x2000011c        0xc ./Core/Src/Motor.o
 .bss.initialised
                0x20000128        0x1 ./Core/Src/Radio.o
 *fill*         0x20000129        0x3 
 .bss.rx        0x2000012c       0x10 ./Core/Src/Radio.o
 .bss.data      0x2000013c       0x18 ./Core/Src/Radio.o
                0x2000013c                data
 .bss.count.14  0x20000154        0x1 ./Core/Src/Radio.o
 *fill*         0x20000155        0x3 
 .bss.tick.12   0x20000158       0x10 ./Core/Src/Radio.o
 .bss.pos_p.11  0x20000168        0x1 ./Core/Src/Radio.o
 *fill*         0x20000169        0x3 
 .bss.tickHigh.10
                0x2000016c        0x4 ./Core/Src/Radio.o
 .bss.tickLow.9
                0x20000170        0x4 ./Core/Src/Radio.o
 .bss.pos_p.8   0x20000174        0x1 ./Core/Src/Radio.o
 *fill*         0x20000175        0x3 
 .bss.tickHigh.7
                0x20000178        0x4 ./Core/Src/Radio.o
 .bss.tickLow.6
                0x2000017c        0x4 ./Core/Src/Radio.o
 .bss.pos_p.5   0x20000180        0x1 ./Core/Src/Radio.o
 *fill*         0x20000181        0x3 
 .bss.tickHigh.4
                0x20000184        0x4 ./Core/Src/Radio.o
 .bss.tickLow.3
                0x20000188        0x4 ./Core/Src/Radio.o
 .bss.pos_p.2   0x2000018c        0x1 ./Core/Src/Radio.o
 *fill*         0x2000018d        0x3 
 .bss.tickHigh.1
                0x20000190        0x4 ./Core/Src/Radio.o
 .bss.tickLow.0
                0x20000194        0x4 ./Core/Src/Radio.o
 .bss.config    0x20000198       0x2c ./Core/Src/Servo.o
 .bss.dataPtr   0x200001c4        0x4 ./Core/Src/Servo.o
 .bss.faultTemp
                0x200001c8        0x1 ./Core/Src/Temperature.o
 *fill*         0x200001c9        0x3 
 .bss.tempArray
                0x200001cc        0xc ./Core/Src/Temperature.o
 .bss.tempSum   0x200001d8        0x4 ./Core/Src/Temperature.o
 .bss.intFault.3
                0x200001dc        0x1 ./Core/Src/Temperature.o
 *fill*         0x200001dd        0x3 
 .bss.tick.2    0x200001e0        0x4 ./Core/Src/Temperature.o
 .bss.setTick.1
                0x200001e4        0x1 ./Core/Src/Temperature.o
 .bss.index.0   0x200001e5        0x1 ./Core/Src/Temperature.o
 .bss.configVerified
                0x200001e6        0x1 ./Core/Src/main.o
 *fill*         0x200001e7        0x1 
 .bss.config    0x200001e8       0x2c ./Core/Src/main.o
 .bss.dataPtr   0x20000214        0x4 ./Core/Src/main.o
 .bss.chActive_p.1
                0x20000218        0x4 ./Core/Src/main.o
 .bss.chCounter.0
                0x2000021c        0x4 ./Core/Src/main.o
 .bss.gTickCallback
                0x20000220        0x4 ./STM32X/Lib/Core.o
 .bss.gTicks    0x20000224        0x4 ./STM32X/Lib/Core.o
                0x20000224                gTicks
 .bss.gCallback
                0x20000228       0x40 ./STM32X/Lib/GPIO.o
                0x20000228                gCallback
 *(COMMON)
                0x20000268                        . = ALIGN (0x4)
                0x20000268                        _ebss = .
                0x20000268                        __bss_end__ = _ebss

._user_heap_stack
                0x20000268      0x600 load address 0x08005148
                0x20000268                        . = ALIGN (0x8)
                0x20000268                        PROVIDE (end = .)
                [!provide]                        PROVIDE (_end = .)
                0x20000468                        . = (. + _Min_Heap_Size)
 *fill*         0x20000268      0x200 
                0x20000868                        . = (. + _Min_Stack_Size)
 *fill*         0x20000468      0x400 
                0x20000868                        . = ALIGN (0x8)

/DISCARD/
 libc.a(*)
 libm.a(*)
 libgcc.a(*)

.ARM.attributes
                0x00000000       0x28
 *(.ARM.attributes)
 .ARM.attributes
                0x00000000       0x1e /Applications/STM32CubeIDE.app/Contents/Eclipse/plugins/com.st.stm32cube.ide.mcu.externaltools.gnu-tools-for-stm32.12.3.rel1.macos64_1.0.100.202403111906/tools/bin/../lib/gcc/arm-none-eabi/12.3.1/thumb/v6-m/nofp/crti.o
 .ARM.attributes
                0x0000001e       0x2c /Applications/STM32CubeIDE.app/Contents/Eclipse/plugins/com.st.stm32cube.ide.mcu.externaltools.gnu-tools-for-stm32.12.3.rel1.macos64_1.0.100.202403111906/tools/bin/../lib/gcc/arm-none-eabi/12.3.1/thumb/v6-m/nofp/crtbegin.o
 .ARM.attributes
                0x0000004a       0x2c ./Core/Src/Battery.o
 .ARM.attributes
                0x00000076       0x2c ./Core/Src/LED.o
 .ARM.attributes
                0x000000a2       0x2c ./Core/Src/Motor.o
 .ARM.attributes
                0x000000ce       0x2c ./Core/Src/Radio.o
 .ARM.attributes
                0x000000fa       0x2c ./Core/Src/Servo.o
 .ARM.attributes
                0x00000126       0x2c ./Core/Src/Temperature.o
 .ARM.attributes
                0x00000152       0x2c ./Core/Src/main.o
 .ARM.attributes
                0x0000017e       0x2c ./Core/Src/system_stm32c0xx.o
 .ARM.attributes
                0x000001aa       0x22 ./Core/Startup/startup_stm32c031k6tx.o
 .ARM.attributes
                0x000001cc       0x2c ./Drivers/STM32C0xx_HAL_Driver/Src/stm32c0xx_hal_cortex.o
 .ARM.attributes
                0x000001f8       0x2c ./Modules/Utils/FPROM/FPROM.o
 .ARM.attributes
                0x00000224       0x2c ./STM32X/Lib/ADC.o
 .ARM.attributes
                0x00000250       0x2c ./STM32X/Lib/CLK.o
 .ARM.attributes
                0x0000027c       0x2c ./STM32X/Lib/Core.o
 .ARM.attributes
                0x000002a8       0x2c ./STM32X/Lib/FLASH.o
 .ARM.attributes
                0x000002d4       0x2c ./STM32X/Lib/GPIO.o
 .ARM.attributes
                0x00000300       0x2c ./STM32X/Lib/SPI.o
 .ARM.attributes
                0x0000032c       0x2c ./STM32X/Lib/TIM.o
 .ARM.attributes
                0x00000358       0x2c ./STM32X/Lib/US.o
 .ARM.attributes
                0x00000384       0x2c /Applications/STM32CubeIDE.app/Contents/Eclipse/plugins/com.st.stm32cube.ide.mcu.externaltools.gnu-tools-for-stm32.12.3.rel1.macos64_1.0.100.202403111906/tools/bin/../lib/gcc/arm-none-eabi/12.3.1/../../../../arm-none-eabi/lib/thumb/v6-m/nofp/libc_nano.a(libc_a-init.o)
 .ARM.attributes
                0x000003b0       0x2c /Applications/STM32CubeIDE.app/Contents/Eclipse/plugins/com.st.stm32cube.ide.mcu.externaltools.gnu-tools-for-stm32.12.3.rel1.macos64_1.0.100.202403111906/tools/bin/../lib/gcc/arm-none-eabi/12.3.1/../../../../arm-none-eabi/lib/thumb/v6-m/nofp/libc_nano.a(libc_a-memcpy-stub.o)
 .ARM.attributes
                0x000003dc       0x1e /Applications/STM32CubeIDE.app/Contents/Eclipse/plugins/com.st.stm32cube.ide.mcu.externaltools.gnu-tools-for-stm32.12.3.rel1.macos64_1.0.100.202403111906/tools/bin/../lib/gcc/arm-none-eabi/12.3.1/thumb/v6-m/nofp/libgcc.a(_udivsi3.o)
 .ARM.attributes
                0x000003fa       0x1e /Applications/STM32CubeIDE.app/Contents/Eclipse/plugins/com.st.stm32cube.ide.mcu.externaltools.gnu-tools-for-stm32.12.3.rel1.macos64_1.0.100.202403111906/tools/bin/../lib/gcc/arm-none-eabi/12.3.1/thumb/v6-m/nofp/libgcc.a(_divsi3.o)
 .ARM.attributes
                0x00000418       0x1e /Applications/STM32CubeIDE.app/Contents/Eclipse/plugins/com.st.stm32cube.ide.mcu.externaltools.gnu-tools-for-stm32.12.3.rel1.macos64_1.0.100.202403111906/tools/bin/../lib/gcc/arm-none-eabi/12.3.1/thumb/v6-m/nofp/libgcc.a(_dvmd_tls.o)
 .ARM.attributes
                0x00000436       0x2c /Applications/STM32CubeIDE.app/Contents/Eclipse/plugins/com.st.stm32cube.ide.mcu.externaltools.gnu-tools-for-stm32.12.3.rel1.macos64_1.0.100.202403111906/tools/bin/../lib/gcc/arm-none-eabi/12.3.1/thumb/v6-m/nofp/libgcc.a(_ffssi2.o)
 .ARM.attributes
                0x00000462       0x2c /Applications/STM32CubeIDE.app/Contents/Eclipse/plugins/com.st.stm32cube.ide.mcu.externaltools.gnu-tools-for-stm32.12.3.rel1.macos64_1.0.100.202403111906/tools/bin/../lib/gcc/arm-none-eabi/12.3.1/thumb/v6-m/nofp/libgcc.a(adddf3.o)
 .ARM.attributes
                0x0000048e       0x2c /Applications/STM32CubeIDE.app/Contents/Eclipse/plugins/com.st.stm32cube.ide.mcu.externaltools.gnu-tools-for-stm32.12.3.rel1.macos64_1.0.100.202403111906/tools/bin/../lib/gcc/arm-none-eabi/12.3.1/thumb/v6-m/nofp/libgcc.a(divdf3.o)
 .ARM.attributes
                0x000004ba       0x2c /Applications/STM32CubeIDE.app/Contents/Eclipse/plugins/com.st.stm32cube.ide.mcu.externaltools.gnu-tools-for-stm32.12.3.rel1.macos64_1.0.100.202403111906/tools/bin/../lib/gcc/arm-none-eabi/12.3.1/thumb/v6-m/nofp/libgcc.a(fixdfsi.o)
 .ARM.attributes
                0x000004e6       0x2c /Applications/STM32CubeIDE.app/Contents/Eclipse/plugins/com.st.stm32cube.ide.mcu.externaltools.gnu-tools-for-stm32.12.3.rel1.macos64_1.0.100.202403111906/tools/bin/../lib/gcc/arm-none-eabi/12.3.1/thumb/v6-m/nofp/libgcc.a(floatsidf.o)
 .ARM.attributes
                0x00000512       0x1e /Applications/STM32CubeIDE.app/Contents/Eclipse/plugins/com.st.stm32cube.ide.mcu.externaltools.gnu-tools-for-stm32.12.3.rel1.macos64_1.0.100.202403111906/tools/bin/../lib/gcc/arm-none-eabi/12.3.1/thumb/v6-m/nofp/libgcc.a(_clzsi2.o)
 .ARM.attributes
                0x00000530       0x1e /Applications/STM32CubeIDE.app/Contents/Eclipse/plugins/com.st.stm32cube.ide.mcu.externaltools.gnu-tools-for-stm32.12.3.rel1.macos64_1.0.100.202403111906/tools/bin/../lib/gcc/arm-none-eabi/12.3.1/thumb/v6-m/nofp/libgcc.a(_ctzsi2.o)
 .ARM.attributes
                0x0000054e       0x1e /Applications/STM32CubeIDE.app/Contents/Eclipse/plugins/com.st.stm32cube.ide.mcu.externaltools.gnu-tools-for-stm32.12.3.rel1.macos64_1.0.100.202403111906/tools/bin/../lib/gcc/arm-none-eabi/12.3.1/thumb/v6-m/nofp/crtn.o
OUTPUT(KAKAPO-20A.elf elf32-littlearm)
LOAD linker stubs
LOAD /Applications/STM32CubeIDE.app/Contents/Eclipse/plugins/com.st.stm32cube.ide.mcu.externaltools.gnu-tools-for-stm32.12.3.rel1.macos64_1.0.100.202403111906/tools/bin/../lib/gcc/arm-none-eabi/12.3.1/../../../../arm-none-eabi/lib/thumb/v6-m/nofp/libc.a
LOAD /Applications/STM32CubeIDE.app/Contents/Eclipse/plugins/com.st.stm32cube.ide.mcu.externaltools.gnu-tools-for-stm32.12.3.rel1.macos64_1.0.100.202403111906/tools/bin/../lib/gcc/arm-none-eabi/12.3.1/../../../../arm-none-eabi/lib/thumb/v6-m/nofp/libm.a
LOAD /Applications/STM32CubeIDE.app/Contents/Eclipse/plugins/com.st.stm32cube.ide.mcu.externaltools.gnu-tools-for-stm32.12.3.rel1.macos64_1.0.100.202403111906/tools/bin/../lib/gcc/arm-none-eabi/12.3.1/thumb/v6-m/nofp/libgcc.a

.debug_info     0x00000000     0x8206
 .debug_info    0x00000000      0x671 ./Core/Src/Battery.o
 .debug_info    0x00000671      0x646 ./Core/Src/LED.o
 .debug_info    0x00000cb7      0xde8 ./Core/Src/Motor.o
 .debug_info    0x00001a9f      0xba4 ./Core/Src/Radio.o
 .debug_info    0x00002643      0xa01 ./Core/Src/Servo.o
 .debug_info    0x00003044      0x245 ./Core/Src/Temperature.o
 .debug_info    0x00003289      0x6f0 ./Core/Src/main.o
 .debug_info    0x00003979      0x368 ./Core/Src/system_stm32c0xx.o
 .debug_info    0x00003ce1       0x30 ./Core/Startup/startup_stm32c031k6tx.o
 .debug_info    0x00003d11      0x82a ./Drivers/STM32C0xx_HAL_Driver/Src/stm32c0xx_hal_cortex.o
 .debug_info    0x0000453b      0x212 ./Modules/Utils/FPROM/FPROM.o
 .debug_info    0x0000474d      0x715 ./STM32X/Lib/ADC.o
 .debug_info    0x00004e62      0x3d1 ./STM32X/Lib/CLK.o
 .debug_info    0x00005233      0x9da ./STM32X/Lib/Core.o
 .debug_info    0x00005c0d      0x357 ./STM32X/Lib/FLASH.o
 .debug_info    0x00005f64      0xba2 ./STM32X/Lib/GPIO.o
 .debug_info    0x00006b06      0x97d ./STM32X/Lib/SPI.o
 .debug_info    0x00007483      0xc83 ./STM32X/Lib/TIM.o
 .debug_info    0x00008106      0x100 ./STM32X/Lib/US.o

.debug_abbrev   0x00000000     0x26b3
 .debug_abbrev  0x00000000      0x1e9 ./Core/Src/Battery.o
 .debug_abbrev  0x000001e9      0x1f3 ./Core/Src/LED.o
 .debug_abbrev  0x000003dc      0x31d ./Core/Src/Motor.o
 .debug_abbrev  0x000006f9      0x322 ./Core/Src/Radio.o
 .debug_abbrev  0x00000a1b      0x243 ./Core/Src/Servo.o
 .debug_abbrev  0x00000c5e      0x171 ./Core/Src/Temperature.o
 .debug_abbrev  0x00000dcf      0x246 ./Core/Src/main.o
 .debug_abbrev  0x00001015      0x117 ./Core/Src/system_stm32c0xx.o
 .debug_abbrev  0x0000112c       0x24 ./Core/Startup/startup_stm32c031k6tx.o
 .debug_abbrev  0x00001150      0x2b7 ./Drivers/STM32C0xx_HAL_Driver/Src/stm32c0xx_hal_cortex.o
 .debug_abbrev  0x00001407      0x11d ./Modules/Utils/FPROM/FPROM.o
 .debug_abbrev  0x00001524      0x284 ./STM32X/Lib/ADC.o
 .debug_abbrev  0x000017a8      0x1a3 ./STM32X/Lib/CLK.o
 .debug_abbrev  0x0000194b      0x34b ./STM32X/Lib/Core.o
 .debug_abbrev  0x00001c96      0x1f9 ./STM32X/Lib/FLASH.o
 .debug_abbrev  0x00001e8f      0x25d ./STM32X/Lib/GPIO.o
 .debug_abbrev  0x000020ec      0x271 ./STM32X/Lib/SPI.o
 .debug_abbrev  0x0000235d      0x2a8 ./STM32X/Lib/TIM.o
 .debug_abbrev  0x00002605       0xae ./STM32X/Lib/US.o

.debug_aranges  0x00000000      0x888
 .debug_aranges
                0x00000000       0x58 ./Core/Src/Battery.o
 .debug_aranges
                0x00000058       0x88 ./Core/Src/LED.o
 .debug_aranges
                0x000000e0       0xc0 ./Core/Src/Motor.o
 .debug_aranges
                0x000001a0       0xa8 ./Core/Src/Radio.o
 .debug_aranges
                0x00000248       0x70 ./Core/Src/Servo.o
 .debug_aranges
                0x000002b8       0x50 ./Core/Src/Temperature.o
 .debug_aranges
                0x00000308       0x80 ./Core/Src/main.o
 .debug_aranges
                0x00000388       0x28 ./Core/Src/system_stm32c0xx.o
 .debug_aranges
                0x000003b0       0x28 ./Core/Startup/startup_stm32c031k6tx.o
 .debug_aranges
                0x000003d8       0xd8 ./Drivers/STM32C0xx_HAL_Driver/Src/stm32c0xx_hal_cortex.o
 .debug_aranges
                0x000004b0       0x28 ./Modules/Utils/FPROM/FPROM.o
 .debug_aranges
                0x000004d8       0x80 ./STM32X/Lib/ADC.o
 .debug_aranges
                0x00000558       0x60 ./STM32X/Lib/CLK.o
 .debug_aranges
                0x000005b8       0x98 ./STM32X/Lib/Core.o
 .debug_aranges
                0x00000650       0x48 ./STM32X/Lib/FLASH.o
 .debug_aranges
                0x00000698       0x90 ./STM32X/Lib/GPIO.o
 .debug_aranges
                0x00000728       0x70 ./STM32X/Lib/SPI.o
 .debug_aranges
                0x00000798       0xc8 ./STM32X/Lib/TIM.o
 .debug_aranges
                0x00000860       0x28 ./STM32X/Lib/US.o

.debug_rnglists
                0x00000000      0x65c
 .debug_rnglists
                0x00000000       0x40 ./Core/Src/Battery.o
 .debug_rnglists
                0x00000040       0x62 ./Core/Src/LED.o
 .debug_rnglists
                0x000000a2       0x94 ./Core/Src/Motor.o
 .debug_rnglists
                0x00000136       0x81 ./Core/Src/Radio.o
 .debug_rnglists
                0x000001b7       0x51 ./Core/Src/Servo.o
 .debug_rnglists
                0x00000208       0x39 ./Core/Src/Temperature.o
 .debug_rnglists
                0x00000241       0x81 ./Core/Src/main.o
 .debug_rnglists
                0x000002c2       0x1a ./Core/Src/system_stm32c0xx.o
 .debug_rnglists
                0x000002dc       0x19 ./Core/Startup/startup_stm32c031k6tx.o
 .debug_rnglists
                0x000002f5       0x9f ./Drivers/STM32C0xx_HAL_Driver/Src/stm32c0xx_hal_cortex.o
 .debug_rnglists
                0x00000394       0x1a ./Modules/Utils/FPROM/FPROM.o
 .debug_rnglists
                0x000003ae       0x5e ./STM32X/Lib/ADC.o
 .debug_rnglists
                0x0000040c       0x44 ./STM32X/Lib/CLK.o
 .debug_rnglists
                0x00000450       0x6f ./STM32X/Lib/Core.o
 .debug_rnglists
                0x000004bf       0x33 ./STM32X/Lib/FLASH.o
 .debug_rnglists
                0x000004f2       0x6a ./STM32X/Lib/GPIO.o
 .debug_rnglists
                0x0000055c       0x52 ./STM32X/Lib/SPI.o
 .debug_rnglists
                0x000005ae       0x95 ./STM32X/Lib/TIM.o
 .debug_rnglists
                0x00000643       0x19 ./STM32X/Lib/US.o

.debug_macro    0x00000000    0x18a4c
 .debug_macro   0x00000000      0x40b ./Core/Src/Battery.o
 .debug_macro   0x0000040b      0xa8a ./Core/Src/Battery.o
 .debug_macro   0x00000e95       0x22 ./Core/Src/Battery.o
 .debug_macro   0x00000eb7       0x8e ./Core/Src/Battery.o
 .debug_macro   0x00000f45       0x51 ./Core/Src/Battery.o
 .debug_macro   0x00000f96      0x103 ./Core/Src/Battery.o
 .debug_macro   0x00001099       0x6a ./Core/Src/Battery.o
 .debug_macro   0x00001103      0x1df ./Core/Src/Battery.o
 .debug_macro   0x000012e2       0x22 ./Core/Src/Battery.o
 .debug_macro   0x00001304       0x61 ./Core/Src/Battery.o
 .debug_macro   0x00001365       0x24 ./Core/Src/Battery.o
 .debug_macro   0x00001389       0x43 ./Core/Src/Battery.o
 .debug_macro   0x000013cc       0x34 ./Core/Src/Battery.o
 .debug_macro   0x00001400      0x189 ./Core/Src/Battery.o
 .debug_macro   0x00001589       0x16 ./Core/Src/Battery.o
 .debug_macro   0x0000159f       0x43 ./Core/Src/Battery.o
 .debug_macro   0x000015e2       0x34 ./Core/Src/Battery.o
 .debug_macro   0x00001616       0x10 ./Core/Src/Battery.o
 .debug_macro   0x00001626       0x58 ./Core/Src/Battery.o
 .debug_macro   0x0000167e       0x8e ./Core/Src/Battery.o
 .debug_macro   0x0000170c       0x1c ./Core/Src/Battery.o
 .debug_macro   0x00001728      0x177 ./Core/Src/Battery.o
 .debug_macro   0x0000189f      0x369 ./Core/Src/Battery.o
 .debug_macro   0x00001c08       0x10 ./Core/Src/Battery.o
 .debug_macro   0x00001c18       0x35 ./Core/Src/Battery.o
 .debug_macro   0x00001c4d       0x20 ./Core/Src/Battery.o
 .debug_macro   0x00001c6d      0x19c ./Core/Src/Battery.o
 .debug_macro   0x00001e09       0x28 ./Core/Src/Battery.o
 .debug_macro   0x00001e31       0x28 ./Core/Src/Battery.o
 .debug_macro   0x00001e59       0x1c ./Core/Src/Battery.o
 .debug_macro   0x00001e75       0x22 ./Core/Src/Battery.o
 .debug_macro   0x00001e97       0xd1 ./Core/Src/Battery.o
 .debug_macro   0x00001f68      0x4da ./Core/Src/Battery.o
 .debug_macro   0x00002442      0x11f ./Core/Src/Battery.o
 .debug_macro   0x00002561     0x95f1 ./Core/Src/Battery.o
 .debug_macro   0x0000bb52       0x6c ./Core/Src/Battery.o
 .debug_macro   0x0000bbbe      0x149 ./Core/Src/Battery.o
 .debug_macro   0x0000bd07      0x118 ./Core/Src/Battery.o
 .debug_macro   0x0000be1f     0x340f ./Core/Src/Battery.o
 .debug_macro   0x0000f22e       0x55 ./Core/Src/Battery.o
 .debug_macro   0x0000f283      0x366 ./Core/Src/Battery.o
 .debug_macro   0x0000f5e9      0xb42 ./Core/Src/Battery.o
 .debug_macro   0x0001012b      0x136 ./Core/Src/Battery.o
 .debug_macro   0x00010261      0x15f ./Core/Src/Battery.o
 .debug_macro   0x000103c0      0x1b5 ./Core/Src/Battery.o
 .debug_macro   0x00010575      0x264 ./Core/Src/Battery.o
 .debug_macro   0x000107d9      0x17e ./Core/Src/Battery.o
 .debug_macro   0x00010957       0x43 ./Core/Src/Battery.o
 .debug_macro   0x0001099a      0x1f1 ./Core/Src/Battery.o
 .debug_macro   0x00010b8b      0x918 ./Core/Src/Battery.o
 .debug_macro   0x000114a3      0x5c9 ./Core/Src/Battery.o
 .debug_macro   0x00011a6c       0x2e ./Core/Src/Battery.o
 .debug_macro   0x00011a9a       0xc7 ./Core/Src/Battery.o
 .debug_macro   0x00011b61       0x4c ./Core/Src/Battery.o
 .debug_macro   0x00011bad      0x1b1 ./Core/Src/Battery.o
 .debug_macro   0x00011d5e      0x352 ./Core/Src/Battery.o
 .debug_macro   0x000120b0       0x28 ./Core/Src/Battery.o
 .debug_macro   0x000120d8       0xba ./Core/Src/Battery.o
 .debug_macro   0x00012192      0x22c ./Core/Src/Battery.o
 .debug_macro   0x000123be       0x5b ./Core/Src/Battery.o
 .debug_macro   0x00012419       0xa5 ./Core/Src/Battery.o
 .debug_macro   0x000124be       0x85 ./Core/Src/Battery.o
 .debug_macro   0x00012543       0xff ./Core/Src/Battery.o
 .debug_macro   0x00012642       0xcc ./Core/Src/Battery.o
 .debug_macro   0x0001270e      0x2c6 ./Core/Src/Battery.o
 .debug_macro   0x000129d4      0x132 ./Core/Src/Battery.o
 .debug_macro   0x00012b06       0xeb ./Core/Src/Battery.o
 .debug_macro   0x00012bf1      0x2fe ./Core/Src/Battery.o
 .debug_macro   0x00012eef      0xabb ./Core/Src/Battery.o
 .debug_macro   0x000139aa       0xd9 ./Core/Src/Battery.o
 .debug_macro   0x00013a83      0x67e ./Core/Src/Battery.o
 .debug_macro   0x00014101       0xa6 ./Core/Src/Battery.o
 .debug_macro   0x000141a7      0x359 ./Core/Src/Battery.o
 .debug_macro   0x00014500       0xb9 ./Core/Src/Battery.o
 .debug_macro   0x000145b9      0x39c ./Core/Src/Battery.o
 .debug_macro   0x00014955       0x22 ./Core/Src/Battery.o
 .debug_macro   0x00014977       0x22 ./Core/Src/Battery.o
 .debug_macro   0x00014999       0x10 ./Core/Src/Battery.o
 .debug_macro   0x000149a9      0x44f ./Core/Src/LED.o
 .debug_macro   0x00014df8       0x1c ./Core/Src/LED.o
 .debug_macro   0x00014e14       0x10 ./Core/Src/LED.o
 .debug_macro   0x00014e24       0x2e ./Core/Src/LED.o
 .debug_macro   0x00014e52       0x28 ./Core/Src/LED.o
 .debug_macro   0x00014e7a       0x1c ./Core/Src/LED.o
 .debug_macro   0x00014e96       0x34 ./Core/Src/LED.o
 .debug_macro   0x00014eca       0x10 ./Core/Src/LED.o
 .debug_macro   0x00014eda      0x487 ./Core/Src/Motor.o
 .debug_macro   0x00015361       0x16 ./Core/Src/Motor.o
 .debug_macro   0x00015377      0x407 ./Core/Src/Radio.o
 .debug_macro   0x0001577e       0x28 ./Core/Src/Radio.o
 .debug_macro   0x000157a6      0x46f ./Core/Src/Servo.o
 .debug_macro   0x00015c15      0x3bd ./Core/Src/Temperature.o
 .debug_macro   0x00015fd2      0x453 ./Core/Src/main.o
 .debug_macro   0x00016425       0x2e ./Core/Src/main.o
 .debug_macro   0x00016453      0x277 ./Core/Src/system_stm32c0xx.o
 .debug_macro   0x000166ca       0x2e ./Core/Src/system_stm32c0xx.o
 .debug_macro   0x000166f8       0x5b ./Core/Src/system_stm32c0xx.o
 .debug_macro   0x00016753      0x271 ./Drivers/STM32C0xx_HAL_Driver/Src/stm32c0xx_hal_cortex.o
 .debug_macro   0x000169c4      0x378 ./Modules/Utils/FPROM/FPROM.o
 .debug_macro   0x00016d3c      0x418 ./STM32X/Lib/ADC.o
 .debug_macro   0x00017154      0x386 ./STM32X/Lib/CLK.o
 .debug_macro   0x000174da      0x3a6 ./STM32X/Lib/Core.o
 .debug_macro   0x00017880      0x394 ./STM32X/Lib/FLASH.o
 .debug_macro   0x00017c14      0x38c ./STM32X/Lib/GPIO.o
 .debug_macro   0x00017fa0      0x392 ./STM32X/Lib/SPI.o
 .debug_macro   0x00018332      0x3a2 ./STM32X/Lib/TIM.o
 .debug_macro   0x000186d4      0x378 ./STM32X/Lib/US.o

.debug_line     0x00000000     0xe044
 .debug_line    0x00000000      0xc26 ./Core/Src/Battery.o
 .debug_line    0x00000c26      0xd08 ./Core/Src/LED.o
 .debug_line    0x0000192e      0xf23 ./Core/Src/Motor.o
 .debug_line    0x00002851      0xf0d ./Core/Src/Radio.o
 .debug_line    0x0000375e      0xc88 ./Core/Src/Servo.o
 .debug_line    0x000043e6      0xbb6 ./Core/Src/Temperature.o
 .debug_line    0x00004f9c     0x10e3 ./Core/Src/main.o
 .debug_line    0x0000607f      0x8ae ./Core/Src/system_stm32c0xx.o
 .debug_line    0x0000692d       0x7d ./Core/Startup/startup_stm32c031k6tx.o
 .debug_line    0x000069aa      0xc90 ./Drivers/STM32C0xx_HAL_Driver/Src/stm32c0xx_hal_cortex.o
 .debug_line    0x0000763a      0xa37 ./Modules/Utils/FPROM/FPROM.o
 .debug_line    0x00008071      0xcb1 ./STM32X/Lib/ADC.o
 .debug_line    0x00008d22      0xb09 ./STM32X/Lib/CLK.o
 .debug_line    0x0000982b      0xc2d ./STM32X/Lib/Core.o
 .debug_line    0x0000a458      0xb24 ./STM32X/Lib/FLASH.o
 .debug_line    0x0000af7c      0xc95 ./STM32X/Lib/GPIO.o
 .debug_line    0x0000bc11      0xc7e ./STM32X/Lib/SPI.o
 .debug_line    0x0000c88f      0xd75 ./STM32X/Lib/TIM.o
 .debug_line    0x0000d604      0xa40 ./STM32X/Lib/US.o

.debug_str      0x00000000    0x92c90
 .debug_str     0x00000000    0x900a5 ./Core/Src/Battery.o
                              0x909a6 (size before relaxing)
 .debug_str     0x000900a5      0x518 ./Core/Src/LED.o
                              0x90a86 (size before relaxing)
 .debug_str     0x000905bd      0x752 ./Core/Src/Motor.o
                              0x910f4 (size before relaxing)
 .debug_str     0x00090d0f      0x472 ./Core/Src/Radio.o
                              0x90c0c (size before relaxing)
 .debug_str     0x00091181      0x136 ./Core/Src/Servo.o
                              0x90ec6 (size before relaxing)
 .debug_str     0x000912b7      0x126 ./Core/Src/Temperature.o
                              0x904a2 (size before relaxing)
 .debug_str     0x000913dd      0x2a6 ./Core/Src/main.o
                              0x90bee (size before relaxing)
 .debug_str     0x00091683      0x162 ./Core/Src/system_stm32c0xx.o
                              0x8cc04 (size before relaxing)
 .debug_str     0x000917e5       0x44 ./Core/Startup/startup_stm32c031k6tx.o
                                 0x80 (size before relaxing)
 .debug_str     0x00091829      0x419 ./Drivers/STM32C0xx_HAL_Driver/Src/stm32c0xx_hal_cortex.o
                              0x8cfec (size before relaxing)
 .debug_str     0x00091c42       0x70 ./Modules/Utils/FPROM/FPROM.o
                              0x90341 (size before relaxing)
 .debug_str     0x00091cb2      0x4f7 ./STM32X/Lib/ADC.o
                              0x90a15 (size before relaxing)
 .debug_str     0x000921a9      0x16b ./STM32X/Lib/CLK.o
                              0x904e7 (size before relaxing)
 .debug_str     0x00092314      0x1e1 ./STM32X/Lib/Core.o
                              0x909c5 (size before relaxing)
 .debug_str     0x000924f5      0x211 ./STM32X/Lib/FLASH.o
                              0x90578 (size before relaxing)
 .debug_str     0x00092706      0x1f6 ./STM32X/Lib/GPIO.o
                              0x90a3a (size before relaxing)
 .debug_str     0x000928fc      0x11b ./STM32X/Lib/SPI.o
                              0x907ae (size before relaxing)
 .debug_str     0x00092a17      0x258 ./STM32X/Lib/TIM.o
                              0x90aa3 (size before relaxing)
 .debug_str     0x00092c6f       0x21 ./STM32X/Lib/US.o
                              0x902ca (size before relaxing)

.comment        0x00000000       0x43
 .comment       0x00000000       0x43 ./Core/Src/Battery.o
                                 0x44 (size before relaxing)
 .comment       0x00000043       0x44 ./Core/Src/LED.o
 .comment       0x00000043       0x44 ./Core/Src/Motor.o
 .comment       0x00000043       0x44 ./Core/Src/Radio.o
 .comment       0x00000043       0x44 ./Core/Src/Servo.o
 .comment       0x00000043       0x44 ./Core/Src/Temperature.o
 .comment       0x00000043       0x44 ./Core/Src/main.o
 .comment       0x00000043       0x44 ./Core/Src/system_stm32c0xx.o
 .comment       0x00000043       0x44 ./Drivers/STM32C0xx_HAL_Driver/Src/stm32c0xx_hal_cortex.o
 .comment       0x00000043       0x44 ./Modules/Utils/FPROM/FPROM.o
 .comment       0x00000043       0x44 ./STM32X/Lib/ADC.o
 .comment       0x00000043       0x44 ./STM32X/Lib/CLK.o
 .comment       0x00000043       0x44 ./STM32X/Lib/Core.o
 .comment       0x00000043       0x44 ./STM32X/Lib/FLASH.o
 .comment       0x00000043       0x44 ./STM32X/Lib/GPIO.o
 .comment       0x00000043       0x44 ./STM32X/Lib/SPI.o
 .comment       0x00000043       0x44 ./STM32X/Lib/TIM.o
 .comment       0x00000043       0x44 ./STM32X/Lib/US.o

.debug_frame    0x00000000     0x1c24
 .debug_frame   0x00000000      0x104 ./Core/Src/Battery.o
 .debug_frame   0x00000104      0x1b4 ./Core/Src/LED.o
 .debug_frame   0x000002b8      0x280 ./Core/Src/Motor.o
 .debug_frame   0x00000538      0x240 ./Core/Src/Radio.o
 .debug_frame   0x00000778      0x154 ./Core/Src/Servo.o
 .debug_frame   0x000008cc       0xdc ./Core/Src/Temperature.o
 .debug_frame   0x000009a8      0x198 ./Core/Src/main.o
 .debug_frame   0x00000b40       0x4c ./Core/Src/system_stm32c0xx.o
 .debug_frame   0x00000b8c      0x2fc ./Drivers/STM32C0xx_HAL_Driver/Src/stm32c0xx_hal_cortex.o
 .debug_frame   0x00000e88       0x54 ./Modules/Utils/FPROM/FPROM.o
 .debug_frame   0x00000edc      0x1a4 ./STM32X/Lib/ADC.o
 .debug_frame   0x00001080      0x110 ./STM32X/Lib/CLK.o
 .debug_frame   0x00001190      0x1e8 ./STM32X/Lib/Core.o
 .debug_frame   0x00001378       0xc8 ./STM32X/Lib/FLASH.o
 .debug_frame   0x00001440      0x1ec ./STM32X/Lib/GPIO.o
 .debug_frame   0x0000162c      0x16c ./STM32X/Lib/SPI.o
 .debug_frame   0x00001798      0x2b4 ./STM32X/Lib/TIM.o
 .debug_frame   0x00001a4c       0x48 ./STM32X/Lib/US.o
 .debug_frame   0x00001a94       0x2c /Applications/STM32CubeIDE.app/Contents/Eclipse/plugins/com.st.stm32cube.ide.mcu.externaltools.gnu-tools-for-stm32.12.3.rel1.macos64_1.0.100.202403111906/tools/bin/../lib/gcc/arm-none-eabi/12.3.1/../../../../arm-none-eabi/lib/thumb/v6-m/nofp/libc_nano.a(libc_a-init.o)
 .debug_frame   0x00001ac0       0x28 /Applications/STM32CubeIDE.app/Contents/Eclipse/plugins/com.st.stm32cube.ide.mcu.externaltools.gnu-tools-for-stm32.12.3.rel1.macos64_1.0.100.202403111906/tools/bin/../lib/gcc/arm-none-eabi/12.3.1/../../../../arm-none-eabi/lib/thumb/v6-m/nofp/libc_nano.a(libc_a-memcpy-stub.o)
 .debug_frame   0x00001ae8       0x20 /Applications/STM32CubeIDE.app/Contents/Eclipse/plugins/com.st.stm32cube.ide.mcu.externaltools.gnu-tools-for-stm32.12.3.rel1.macos64_1.0.100.202403111906/tools/bin/../lib/gcc/arm-none-eabi/12.3.1/thumb/v6-m/nofp/libgcc.a(_udivsi3.o)
 .debug_frame   0x00001b08       0x20 /Applications/STM32CubeIDE.app/Contents/Eclipse/plugins/com.st.stm32cube.ide.mcu.externaltools.gnu-tools-for-stm32.12.3.rel1.macos64_1.0.100.202403111906/tools/bin/../lib/gcc/arm-none-eabi/12.3.1/thumb/v6-m/nofp/libgcc.a(_divsi3.o)
 .debug_frame   0x00001b28       0x28 /Applications/STM32CubeIDE.app/Contents/Eclipse/plugins/com.st.stm32cube.ide.mcu.externaltools.gnu-tools-for-stm32.12.3.rel1.macos64_1.0.100.202403111906/tools/bin/../lib/gcc/arm-none-eabi/12.3.1/thumb/v6-m/nofp/libgcc.a(_ffssi2.o)
 .debug_frame   0x00001b50       0x3c /Applications/STM32CubeIDE.app/Contents/Eclipse/plugins/com.st.stm32cube.ide.mcu.externaltools.gnu-tools-for-stm32.12.3.rel1.macos64_1.0.100.202403111906/tools/bin/../lib/gcc/arm-none-eabi/12.3.1/thumb/v6-m/nofp/libgcc.a(adddf3.o)
 .debug_frame   0x00001b8c       0x3c /Applications/STM32CubeIDE.app/Contents/Eclipse/plugins/com.st.stm32cube.ide.mcu.externaltools.gnu-tools-for-stm32.12.3.rel1.macos64_1.0.100.202403111906/tools/bin/../lib/gcc/arm-none-eabi/12.3.1/thumb/v6-m/nofp/libgcc.a(divdf3.o)
 .debug_frame   0x00001bc8       0x30 /Applications/STM32CubeIDE.app/Contents/Eclipse/plugins/com.st.stm32cube.ide.mcu.externaltools.gnu-tools-for-stm32.12.3.rel1.macos64_1.0.100.202403111906/tools/bin/../lib/gcc/arm-none-eabi/12.3.1/thumb/v6-m/nofp/libgcc.a(fixdfsi.o)
 .debug_frame   0x00001bf8       0x2c /Applications/STM32CubeIDE.app/Contents/Eclipse/plugins/com.st.stm32cube.ide.mcu.externaltools.gnu-tools-for-stm32.12.3.rel1.macos64_1.0.100.202403111906/tools/bin/../lib/gcc/arm-none-eabi/12.3.1/thumb/v6-m/nofp/libgcc.a(floatsidf.o)

.debug_line_str
                0x00000000       0x64
 .debug_line_str
                0x00000000       0x64 ./Core/Startup/startup_stm32c031k6tx.o

.debug_loclists
                0x00000000       0x24
 .debug_loclists
                0x00000000       0x24 ./STM32X/Lib/US.o
