../STM32X/Lib/ADC.c:178:6:ADC_Init	16	static
../STM32X/Lib/ADC.c:221:10:ADC_SetFreq	24	static
../STM32X/Lib/ADC.c:259:10:ADC_Read	16	static
../STM32X/Lib/ADC.c:278:6:ADC_Deinit	8	static
../STM32X/Lib/ADC.c:304:10:AIN_AinToDivider	24	static
../STM32X/Lib/ADC.c:309:10:AIN_AinToMv	16	static
../STM32X/Lib/ADC.c:314:9:ADC_ReadDieTemp	16	static
../STM32X/Lib/ADC.c:330:10:ADC_ReadVRef	16	static
../STM32X/Lib/ADC.c:379:13:ADC_StopConversion	8	static
../STM32X/Lib/ADC.c:391:13:ADC_WaitForFlag	16	static
../STM32X/Lib/ADC.c:396:13:ADC_Calibrate	8	static
../STM32X/Lib/ADC.c:403:17:ADC_SelectSampleTime	48	static
