../STM32X/Lib/Core.c:81:6:CORE_Init	40	static
../STM32X/Lib/Core.c:112:33:CORE_Idle	0	static,ignoring_inline_asm
../STM32X/Lib/Core.c:123:6:CORE_Stop	8	static,ignoring_inline_asm
../STM32X/Lib/Core.c:155:6:CORE_Delay	16	static
../STM32X/Lib/Core.c:165:6:CORE_Reset	0	static,ignoring_inline_asm
../STM32X/Lib/Core.c:171:6:CORE_OnTick	0	static
../STM32X/Lib/Core.c:177:20:CORE_GetResetSource	0	static
../STM32X/Lib/Core.c:212:18:CORE_GetUID	0	static
../STM32X/Lib/Core.c:253:10:HAL_GetTick	0	static
../STM32X/Lib/Core.c:262:6:SysTick_Handler	8	static
