../STM32X/Lib/GPIO.c:59:6:GPIO_Write	16	static
../STM32X/Lib/GPIO.c:71:6:GPIO_EnableAlternate	32	static
../STM32X/Lib/GPIO.c:78:6:GPIO_OnChange	40	static
../STM32X/Lib/GPIO.c:90:6:GPIO_Init	40	static
../STM32X/Lib/GPIO.c:110:6:GPIO_Set	16	static
../STM32X/Lib/GPIO.c:115:6:GPIO_Reset	16	static
../STM32X/Lib/GPIO.c:120:14:GPIO_Read	16	static
../STM32X/Lib/GPIO.c:125:12:GPIO_ReadPort	16	static
../STM32X/Lib/GPIO.c:134:24:GPIO_GetPort	24	static
../STM32X/Lib/GPIO.c:140:13:GPIO_ConfigAlternate	32	static
../STM32X/Lib/GPIO.c:158:13:GPIO_ConfigInterrupt	40	static
../STM32X/Lib/GPIO.c:189:17:GPIO_SWARBitDouble	16	static
../STM32X/Lib/GPIO.c:200:20:EXTIx_IRQHandler	16	static
../STM32X/Lib/GPIO.c:209:13:EXTIx_EnableIRQn	16	static
../STM32X/Lib/GPIO.c:346:6:EXTI4_15_IRQHandler	8	static
