../STM32X/Lib/TIM.c:105:6:TIM_Init	40	static
../STM32X/Lib/TIM.c:118:6:TIM_SetFreq	8	static
../STM32X/Lib/TIM.c:124:6:TIM_SetReload	0	static
../STM32X/Lib/TIM.c:130:6:TIM_OnReload	8	static
../STM32X/Lib/TIM.c:136:6:TIM_OnPulse	16	static
../STM32X/Lib/TIM.c:146:6:TIM_EnablePwm	24	static
../STM32X/Lib/TIM.c:154:6:TIM_SetPulse	0	static
../STM32X/Lib/TIM.c:174:6:TIM_Start	0	static
../STM32X/Lib/TIM.c:180:6:TIM_Stop	0	static
../STM32X/Lib/TIM.c:185:6:TIM_Deinit	8	static
../STM32X/Lib/TIM.c:440:6:TIM1_BRK_UP_TRG_COM_IRQHandler	16	static
../STM32X/Lib/TIM.c:444:6:TIM1_CC_IRQHandler	16	static
../STM32X/Lib/TIM.c:456:6:TIM3_IRQHandler	16	static
../STM32X/Lib/TIM.c:474:6:TIM14_IRQHandler	16	static
../STM32X/Lib/TIM.c:480:6:TIM16_IRQHandler	16	static
../STM32X/Lib/TIM.c:486:6:TIM17_IRQHandler	16	static
