../STM32X/Lib/CLK.inl.h:15:24:CLK_GetPCLKFreq	8	static
../STM32X/Lib/TIM.c:105:6:TIM_Init	32	static
../STM32X/Lib/TIM.c:118:6:TIM_SetFreq	24	static
../STM32X/Lib/TIM.c:124:6:TIM_SetReload	16	static
../STM32X/Lib/TIM.c:130:6:TIM_OnReload	16	static
../STM32X/Lib/TIM.c:136:6:TIM_OnPulse	32	static
../STM32X/Lib/TIM.c:146:6:TIM_EnablePwm	24	static
../STM32X/Lib/TIM.c:154:6:TIM_SetPulse	24	static
../STM32X/Lib/TIM.c:174:6:TIM_Start	16	static
../STM32X/Lib/TIM.c:180:6:TIM_Stop	16	static
../STM32X/Lib/TIM.c:185:6:TIM_Deinit	16	static
../STM32X/Lib/TIM.c:196:13:TIM_EnableOCx	24	static
../STM32X/Lib/TIM.c:237:13:TIM_Reload	24	static
../STM32X/Lib/TIM.c:251:13:TIMx_Init	40	static
../STM32X/Lib/TIM.c:328:13:TIMx_Deinit	16	static
../STM32X/Lib/TIM.c:409:13:TIM_IRQHandler	24	static
../STM32X/Lib/TIM.c:440:6:TIM1_BRK_UP_TRG_COM_IRQHandler	8	static
../STM32X/Lib/TIM.c:444:6:TIM1_CC_IRQHandler	8	static
../STM32X/Lib/TIM.c:456:6:TIM3_IRQHandler	8	static
../STM32X/Lib/TIM.c:474:6:TIM14_IRQHandler	8	static
../STM32X/Lib/TIM.c:480:6:TIM16_IRQHandler	8	static
../STM32X/Lib/TIM.c:486:6:TIM17_IRQHandler	8	static
