../STM32X/Lib/UART.c:94:6:UART_Init	16	static
../STM32X/Lib/UART.c:151:6:UART_Deinit	0	static
../STM32X/Lib/UART.c:167:6:UART_Write	40	static
../STM32X/Lib/UART.c:185:6:UART_WriteStr	40	static
../STM32X/Lib/UART.c:190:10:UART_ReadCount	8	static
../STM32X/Lib/UART.c:199:10:UART_Read	20	static
../STM32X/Lib/UART.c:219:10:UART_Seek	24	static
../STM32X/Lib/UART.c:234:9:UART_Pop	8	static
../STM32X/Lib/UART.c:242:6:UART_ReadFlush	8	static
../STM32X/Lib/UART.c:249:6:UART_WriteFlush	24	static
../STM32X/Lib/UART.c:257:10:UART_WriteCount	0	static
../STM32X/Lib/UART.c:388:6:UART_IRQHandler	16	static
