../Drivers/STM32C0xx_HAL_Driver/Src/stm32c0xx_hal_usart.c:278:19:HAL_USART_Init	16	static
../Drivers/STM32C0xx_HAL_Driver/Src/stm32c0xx_hal_usart.c:340:19:HAL_USART_DeInit	16	static
../Drivers/STM32C0xx_HAL_Driver/Src/stm32c0xx_hal_usart.c:383:13:HAL_USART_MspInit	16	static
../Drivers/STM32C0xx_HAL_Driver/Src/stm32c0xx_hal_usart.c:398:13:HAL_USART_MspDeInit	16	static
../Drivers/STM32C0xx_HAL_Driver/Src/stm32c0xx_hal_usart.c:751:19:HAL_USART_Transmit	48	static
../Drivers/STM32C0xx_HAL_Driver/Src/stm32c0xx_hal_usart.c:865:19:HAL_USART_Receive	48	static
../Drivers/STM32C0xx_HAL_Driver/Src/stm32c0xx_hal_usart.c:993:19:HAL_USART_TransmitReceive	64	static
../Drivers/STM32C0xx_HAL_Driver/Src/stm32c0xx_hal_usart.c:1156:19:HAL_USART_Transmit_IT	24	static
../Drivers/STM32C0xx_HAL_Driver/Src/stm32c0xx_hal_usart.c:1255:19:HAL_USART_Receive_IT	32	static
../Drivers/STM32C0xx_HAL_Driver/Src/stm32c0xx_hal_usart.c:1385:19:HAL_USART_TransmitReceive_IT	24	static
../Drivers/STM32C0xx_HAL_Driver/Src/stm32c0xx_hal_usart.c:1510:19:HAL_USART_Transmit_DMA	40	static
../Drivers/STM32C0xx_HAL_Driver/Src/stm32c0xx_hal_usart.c:1611:19:HAL_USART_Receive_DMA	40	static
../Drivers/STM32C0xx_HAL_Driver/Src/stm32c0xx_hal_usart.c:1747:19:HAL_USART_TransmitReceive_DMA	40	static
../Drivers/STM32C0xx_HAL_Driver/Src/stm32c0xx_hal_usart.c:1878:19:HAL_USART_DMAPause	24	static
../Drivers/STM32C0xx_HAL_Driver/Src/stm32c0xx_hal_usart.c:1925:19:HAL_USART_DMAResume	24	static
../Drivers/STM32C0xx_HAL_Driver/Src/stm32c0xx_hal_usart.c:1972:19:HAL_USART_DMAStop	16	static
../Drivers/STM32C0xx_HAL_Driver/Src/stm32c0xx_hal_usart.c:2033:19:HAL_USART_Abort	16	static
../Drivers/STM32C0xx_HAL_Driver/Src/stm32c0xx_hal_usart.c:2133:19:HAL_USART_Abort_IT	24	static
../Drivers/STM32C0xx_HAL_Driver/Src/stm32c0xx_hal_usart.c:2267:6:HAL_USART_IRQHandler	40	static
../Drivers/STM32C0xx_HAL_Driver/Src/stm32c0xx_hal_usart.c:2509:13:HAL_USART_TxCpltCallback	16	static
../Drivers/STM32C0xx_HAL_Driver/Src/stm32c0xx_hal_usart.c:2524:13:HAL_USART_TxHalfCpltCallback	16	static
../Drivers/STM32C0xx_HAL_Driver/Src/stm32c0xx_hal_usart.c:2539:13:HAL_USART_RxCpltCallback	16	static
../Drivers/STM32C0xx_HAL_Driver/Src/stm32c0xx_hal_usart.c:2554:13:HAL_USART_RxHalfCpltCallback	16	static
../Drivers/STM32C0xx_HAL_Driver/Src/stm32c0xx_hal_usart.c:2569:13:HAL_USART_TxRxCpltCallback	16	static
../Drivers/STM32C0xx_HAL_Driver/Src/stm32c0xx_hal_usart.c:2584:13:HAL_USART_ErrorCallback	16	static
../Drivers/STM32C0xx_HAL_Driver/Src/stm32c0xx_hal_usart.c:2599:13:HAL_USART_AbortCpltCallback	16	static
../Drivers/STM32C0xx_HAL_Driver/Src/stm32c0xx_hal_usart.c:2636:24:HAL_USART_GetState	16	static
../Drivers/STM32C0xx_HAL_Driver/Src/stm32c0xx_hal_usart.c:2647:10:HAL_USART_GetError	16	static
../Drivers/STM32C0xx_HAL_Driver/Src/stm32c0xx_hal_usart.c:2690:13:USART_EndTransfer	16	static
../Drivers/STM32C0xx_HAL_Driver/Src/stm32c0xx_hal_usart.c:2707:13:USART_DMATransmitCplt	24	static
../Drivers/STM32C0xx_HAL_Driver/Src/stm32c0xx_hal_usart.c:2747:13:USART_DMATxHalfCplt	24	static
../Drivers/STM32C0xx_HAL_Driver/Src/stm32c0xx_hal_usart.c:2765:13:USART_DMAReceiveCplt	24	static
../Drivers/STM32C0xx_HAL_Driver/Src/stm32c0xx_hal_usart.c:2840:13:USART_DMARxHalfCplt	24	static
../Drivers/STM32C0xx_HAL_Driver/Src/stm32c0xx_hal_usart.c:2858:13:USART_DMAError	24	static
../Drivers/STM32C0xx_HAL_Driver/Src/stm32c0xx_hal_usart.c:2884:13:USART_DMAAbortOnError	24	static
../Drivers/STM32C0xx_HAL_Driver/Src/stm32c0xx_hal_usart.c:2907:13:USART_DMATxAbortCallback	24	static
../Drivers/STM32C0xx_HAL_Driver/Src/stm32c0xx_hal_usart.c:2955:13:USART_DMARxAbortCallback	24	static
../Drivers/STM32C0xx_HAL_Driver/Src/stm32c0xx_hal_usart.c:3005:26:USART_WaitOnFlagUntilTimeout	24	static
../Drivers/STM32C0xx_HAL_Driver/Src/stm32c0xx_hal_usart.c:3033:26:USART_SetConfig	40	static
../Drivers/STM32C0xx_HAL_Driver/Src/stm32c0xx_hal_usart.c:3134:26:USART_CheckIdleState	32	static
../Drivers/STM32C0xx_HAL_Driver/Src/stm32c0xx_hal_usart.c:3184:13:USART_TxISR_8BIT	24	static
../Drivers/STM32C0xx_HAL_Driver/Src/stm32c0xx_hal_usart.c:3219:13:USART_TxISR_16BIT	24	static
../Drivers/STM32C0xx_HAL_Driver/Src/stm32c0xx_hal_usart.c:3255:13:USART_TxISR_8BIT_FIFOEN	24	static
../Drivers/STM32C0xx_HAL_Driver/Src/stm32c0xx_hal_usart.c:3300:13:USART_TxISR_16BIT_FIFOEN	24	static
../Drivers/STM32C0xx_HAL_Driver/Src/stm32c0xx_hal_usart.c:3343:13:USART_EndTransmit_IT	16	static
../Drivers/STM32C0xx_HAL_Driver/Src/stm32c0xx_hal_usart.c:3400:13:USART_RxISR_8BIT	32	static
../Drivers/STM32C0xx_HAL_Driver/Src/stm32c0xx_hal_usart.c:3491:13:USART_RxISR_16BIT	32	static
../Drivers/STM32C0xx_HAL_Driver/Src/stm32c0xx_hal_usart.c:3584:13:USART_RxISR_8BIT_FIFOEN	32	static
../Drivers/STM32C0xx_HAL_Driver/Src/stm32c0xx_hal_usart.c:3717:13:USART_RxISR_16BIT_FIFOEN	40	static
