../STM32X/Lib/GPIO.inl.h:16:20:GPIO_Deinit	16	static
../STM32X/Lib/GPIO.inl.h:21:20:GPIO_EnableOutput	16	static
../STM32X/Lib/Core.inl.h:12:24:CORE_GetTick	8	static
../Core/Src/LED.c:51:6:LED_Init	8	static
../Core/Src/LED.c:65:6:LED_Deinit	8	static
../Core/Src/LED.c:79:6:LED_Update	16	static
../Core/Src/LED.c:158:6:LED_pulseOutputs	24	static
../Core/Src/LED.c:180:6:LED_calibUpdate	16	static
../Core/Src/LED.c:195:6:LED_getState_M1	8	static
../Core/Src/LED.c:204:6:LED_getState_M2	8	static
../Core/Src/LED.c:213:6:LED_updateOutput_M1	16	static
../Core/Src/LED.c:226:6:LED_updateOutput_M2	16	static
../Core/Src/LED.c:241:6:LED_toggleOutput_M1	8	static
../Core/Src/LED.c:256:6:LED_toggleOutput_M2	8	static
