../Core/Src/LED.c:53:6:LED_Init	8	static
../Core/Src/LED.c:70:6:LED_Deinit	8	static
../Core/Src/LED.c:87:6:LED_Update	8	static
../Core/Src/LED.c:165:6:LED_pulseOutputs	16	static
../Core/Src/LED.c:190:6:LED_calibUpdate	8	static
../Core/Src/LED.c:208:6:LED_getState_M1	8	static
../Core/Src/LED.c:220:6:LED_getState_M2	8	static
../Core/Src/LED.c:232:6:LED_updateOutput_M1	8	static
../Core/Src/LED.c:248:6:LED_updateOutput_M2	8	static
../Core/Src/LED.c:264:6:LED_toggleOutput_M1	8	static
../Core/Src/LED.c:280:6:LED_toggleOutput_M2	8	static
