../STM32X/Lib/Core.inl.h:12:24:CORE_GetTick	8	static
../Core/Src/main.c:63:5:main	16	static
../Core/Src/main.c:121:6:SYSTEM_Init	8	static
../Core/Src/main.c:163:13:SYSTEM_Update	8	static
../Core/Src/main.c:198:13:SYSTEM_initiateCalibration	16	static
../Core/Src/main.c:241:13:SYSTEM_runCalibration	8	static
../Core/Src/main.c:330:13:SYSTEM_calibrationMotor_Same	24	static
../Core/Src/main.c:417:13:SYSTEM_calibrationMotor_Opposite	64	static
../Core/Src/main.c:535:13:SYSTEM_calibrationServoS1	16	static
../Core/Src/main.c:581:13:SYSTEM_calibrationServoS2	16	static
../Core/Src/main.c:627:13:SYSTEM_wait_ActiveInput	8	static
../Core/Src/main.c:650:13:SYSTEM_wait_ResetInputs	8	static
../Core/Src/main.c:673:17:SYSTEM_count_ActiveInputs	16	static
