../STM32X/Lib/Core.inl.h:12:24:CORE_GetTick	8	static
../Core/Src/main.c:60:5:main	8	static
../Core/Src/main.c:112:6:SYSTEM_Init	8	static
../Core/Src/main.c:147:13:SYSTEM_Update	8	static
../Core/Src/main.c:177:13:SYSTEM_initiateCalibration	16	static
../Core/Src/main.c:215:13:SYSTEM_runCalibration	8	static
../Core/Src/main.c:281:13:SYSTEM_calibrationMotor_Same	24	static
../Core/Src/main.c:368:13:SYSTEM_calibrationMotor_Opposite	48	static
../Core/Src/main.c:481:13:SYSTEM_wait_ActiveInput	8	static
../Core/Src/main.c:504:13:SYSTEM_wait_ResetInputs	8	static
../Core/Src/main.c:527:17:SYSTEM_count_ActiveInputs	16	static
