../STM32X/Lib/Core.inl.h:12:24:CORE_GetTick	8	static
../STM32X/Lib/GPIO.inl.h:11:20:GPIO_EnableInput	16	static
../STM32X/Lib/TIM.inl.h:10:24:TIM_Read	16	static
../Core/Src/Radio.c:97:6:RADIO_Init	16	static
../Core/Src/Radio.c:139:6:RADIO_Update	16	static
../Core/Src/Radio.c:204:13:RADIO_getDataPtr	8	static
../Core/Src/Radio.c:216:6:RADIO_inFaultStateFULL	8	static
../Core/Src/Radio.c:238:6:RADIO_inFaultStateANY	8	static
../Core/Src/Radio.c:265:6:RADIO_inFaultStateCH1	8	static
../Core/Src/Radio.c:281:6:RADIO_inFaultStateCH2	8	static
../Core/Src/Radio.c:298:6:RADIO_inFaultStateCH3	8	static
../Core/Src/Radio.c:316:6:RADIO_inFaultStateCH4	8	static
../Core/Src/Radio.c:333:10:RADIO_truncate	16	static
../Core/Src/Radio.c:360:6:RADIO_processChannel	24	static
../Core/Src/Radio.c:389:13:RADIO_CH1_IRQ	32	static
../Core/Src/Radio.c:435:13:RADIO_CH2_IRQ	32	static
../Core/Src/Radio.c:471:13:RADIO_CH3_IRQ	32	static
../Core/Src/Radio.c:508:13:RADIO_CH4_IRQ	32	static
